 PhysXCooking_64

 Timestamp is 62c7b060 (Fri Jul  8 07:19:44 2022)

 Preferred load address is 0000000180000000

 Start         Length     Name                   Class
 0001:00000000 000003c0H .text$di                CODE
 0001:000003c0 00044500H .text$mn                CODE
 0001:000448c0 00000040H .text$mn$00             CODE
 0001:00044900 000004a0H .text$x                 CODE
 0002:00000000 00000258H .idata$5                DATA
 0002:00000258 00000038H .00cfg                  DATA
 0002:00000290 00000008H .CRT$XCA                DATA
 0002:00000298 000001e0H .CRT$XCU                DATA
 0002:00000478 00000008H .CRT$XCZ                DATA
 0002:00000480 00000008H .CRT$XIA                DATA
 0002:00000488 00000018H .CRT$XIC                DATA
 0002:000004a0 00000008H .CRT$XIZ                DATA
 0002:000004a8 00000008H .CRT$XPA                DATA
 0002:000004b0 00000010H .CRT$XPX                DATA
 0002:000004c0 00000008H .CRT$XPXA               DATA
 0002:000004c8 00000008H .CRT$XPZ                DATA
 0002:000004d0 00000008H .CRT$XTA                DATA
 0002:000004d8 00000008H .CRT$XTZ                DATA
 0002:000004e0 00000000H .gehcont$y              DATA
 0002:000004e0 00000000H .gfids$y                DATA
 0002:000004e0 0000baa0H .rdata                  DATA
 0002:0000bf80 00000000H .rdata$CastGuardVftablesA DATA
 0002:0000bf80 00000000H .rdata$CastGuardVftablesC DATA
 0002:0000bf80 0000043cH .rdata$r                DATA
 0002:0000c3bc 00000150H .rdata$voltmd           DATA
 0002:0000c50c 00000424H .rdata$zzzdbg           DATA
 0002:0000c930 00000008H .rtc$IAA                DATA
 0002:0000c938 00000008H .rtc$IZZ                DATA
 0002:0000c940 00000008H .rtc$TAA                DATA
 0002:0000c948 00000008H .rtc$TZZ                DATA
 0002:0000c950 00003f08H .xdata                  DATA
 0002:00010858 00000084H .xdata$x                DATA
 0002:000108dc 00000040H .didat$2                DATA
 0002:0001091c 00000024H .didat$3                DATA
 0002:00010940 00000188H .didat$4                DATA
 0002:00010ac8 00000950H .didat$6                DATA
 0002:00011418 00000188H .didat$7                DATA
 0002:000115a0 00001d00H .edata                  DATA
 0002:000132a0 00000014H .idata$2                DATA
 0002:000132b4 00000014H .idata$3                DATA
 0002:000132c8 00000258H .idata$4                DATA
 0002:00013520 0000057cH .idata$6                DATA
 0003:00000000 00000a30H .data                   DATA
 0003:00000a30 000005e8H .data$r                 DATA
 0003:00001018 000000f0H .data$rs                DATA
 0003:00001108 00000188H .didat$5                DATA
 0003:00001290 000015d0H .bss                    DATA
 0004:00000000 000033f0H .pdata                  DATA
 0005:00000000 0000236cH _RDATA                  DATA
 0006:00000000 000000a0H .rsrc$01                DATA
 0006:000000a0 000004b0H .rsrc$02                DATA

  Address         Publics by Value              Rva+Base               Lib:Object

 0000:00000000       __AbsoluteZero             0000000000000000     <absolute>
 0000:00000000       ___safe_se_handler_count   0000000000000000     <absolute>
 0000:00000000       ___safe_se_handler_table   0000000000000000     <absolute>
 0000:00000000       __arm64x_extra_rfe_table   0000000000000000     <absolute>
 0000:00000000       __arm64x_extra_rfe_table_size 0000000000000000     <absolute>
 0000:00000000       __arm64x_native_entrypoint 0000000000000000     <absolute>
 0000:00000000       __arm64x_redirection_metadata 0000000000000000     <absolute>
 0000:00000000       __arm64x_redirection_metadata_count 0000000000000000     <absolute>
 0000:00000000       __dynamic_value_reloc_table 0000000000000000     <absolute>
 0000:00000000       __enclave_config           0000000000000000     <absolute>
 0000:00000000       __guard_check_icall_a64n_fptr 0000000000000000     <absolute>
 0000:00000000       __guard_eh_cont_count      0000000000000000     <absolute>
 0000:00000000       __guard_eh_cont_table      0000000000000000     <absolute>
 0000:00000000       __guard_fids_count         0000000000000000     <absolute>
 0000:00000000       __guard_fids_table         0000000000000000     <absolute>
 0000:00000000       __guard_iat_count          0000000000000000     <absolute>
 0000:00000000       __guard_iat_table          0000000000000000     <absolute>
 0000:00000000       __guard_longjmp_count      0000000000000000     <absolute>
 0000:00000000       __guard_longjmp_table      0000000000000000     <absolute>
 0000:00000000       __hybrid_auxiliary_iat     0000000000000000     <absolute>
 0000:00000000       __hybrid_auxiliary_iat_copy 0000000000000000     <absolute>
 0000:00000000       __hybrid_code_map          0000000000000000     <absolute>
 0000:00000000       __hybrid_code_map_count    0000000000000000     <absolute>
 0000:00000000       __x64_code_ranges_to_entry_points 0000000000000000     <absolute>
 0000:00000000       __x64_code_ranges_to_entry_points_count 0000000000000000     <absolute>
 0000:00000100       __guard_flags              0000000000000100     <absolute>
 0000:00000000       __ImageBase                0000000180000000     <linker-defined>
 0001:000003c0       ??$?_UV?$ReflectionAllocator@VAdjTriangle@physx@@@shdfnd@physx@@@UserAllocated@shdfnd@physx@@SAPEAX_KV?$ReflectionAllocator@VAdjTriangle@physx@@@12@PEBDH@Z 00000001800013c0 f i Adjacencies.obj
 0001:00000460       ??0AdjacenciesBuilder@physx@@QEAA@XZ 0000000180001460 f   Adjacencies.obj
 0001:00000470       ??$forward@_K@std@@YA$$QEA_KAEA_K@Z 0000000180001470 f i libvcruntime:undname.obj
 0001:00000470       ??0AABBTreeBuildNode@Gu@physx@@QEAA@XZ 0000000180001470 f i BVHStructureBuilder.obj
 0001:00000470       ??0Allocator@shdfnd@physx@@QEAA@PEBD@Z 0000000180001470 f i Adjacencies.obj
 0001:00000470       ??0BigConvexData@physx@@QEAA@W4PxEMPTY@1@@Z 0000000180001470 f i BigConvexDataBuilder.obj
 0001:00000470       ??0Box@Gu@physx@@QEAA@XZ   0000000180001470 f i ConvexHullUtils.obj
 0001:00000470       ??0HeightFieldData@Gu@physx@@QEAA@W4PxEMPTY@2@@Z 0000000180001470 f i Cooking.obj
 0001:00000470       ??4Allocator@shdfnd@physx@@QEAAAEAV012@$$QEAV012@@Z 0000000180001470 f i Adjacencies.obj
 0001:00000470       ??4Allocator@shdfnd@physx@@QEAAAEAV012@AEBV012@@Z 0000000180001470 f i Adjacencies.obj
 0001:00000470       ??4MutexImpl@shdfnd@physx@@QEAAAEAV012@AEBV012@@Z 0000000180001470 f i Adjacencies.obj
 0001:00000470       ??4PxFoundation@physx@@QEAAAEAV01@AEBV01@@Z 0000000180001470 f i Adjacencies.obj
 0001:00000470       ?getAABB@AABBTreeBuildNode@Gu@physx@@QEBAAEBVPxBounds3@3@XZ 0000000180001470 f i BVHStructureBuilder.obj
 0001:00000470       ?getPaddedBounds@HeightFieldData@Gu@physx@@QEBAAEBVCenterExtentsPadded@23@XZ 0000000180001470 f i Cooking.obj
 0001:00000480       ??0PxFoundation@physx@@QEAA@AEBV01@@Z 0000000180001480 f i Adjacencies.obj
 0001:00000480       ??0PxFoundation@physx@@QEAA@XZ 0000000180001480 f i Adjacencies.obj
 0001:00000490       ??1Adjacencies@physx@@QEAA@XZ 0000000180001490 f   Adjacencies.obj
 0001:00000500       ??1AdjacenciesBuilder@physx@@QEAA@XZ 0000000180001500 f   Adjacencies.obj
 0001:00000510       ??1PxFoundation@physx@@MEAA@XZ 0000000180001510 f i Adjacencies.obj
 0001:00000520       ??_EPxFoundation@physx@@MEAAPEAXI@Z 0000000180001520 f i Adjacencies.obj
 0001:000005b0       ??1AABBTreeBuildNode@Gu@physx@@QEAA@XZ 00000001800015b0 f i BVHStructureBuilder.obj
 0001:000005b0       ??1BigConvexDataBuilder@physx@@QEAA@XZ 00000001800015b0 f i BigConvexDataBuilder.obj
 0001:000005b0       ??1Box@Gu@physx@@QEAA@XZ   00000001800015b0 f i ConvexHullUtils.obj
 0001:000005b0       ??1HeightFieldData@Gu@physx@@QEAA@XZ 00000001800015b0 f i Cooking.obj
 0001:000005b0       ??_FAllocator@shdfnd@physx@@QEAAXXZ 00000001800015b0 f i Adjacencies.obj
 0001:000005b0       ?onMeshIndexFormatChange@TriangleMeshBuilder@physx@@UEAAXXZ 00000001800015b0 f i TriangleMeshBuilder.obj
 0001:000005b0       _guard_check_icall_nop     00000001800015b0 f i LIBCMT:guard_support.obj
 0001:000006c0       ?ComputeNbBoundaryEdges@Adjacencies@physx@@QEBAIXZ 00000001800016c0 f   Adjacencies.obj
 0001:000009a0       ?GetNbHits@RadixSort@Cm@physx@@QEBAIXZ 00000001800019a0 f i Adjacencies.obj
 0001:000009b0       ?GetNbTotalCalls@RadixSort@Cm@physx@@QEBAIXZ 00000001800019b0 f i Adjacencies.obj
 0001:000009c0       ?GetRanks@RadixSort@Cm@physx@@QEBAPEBIXZ 00000001800019c0 f i Adjacencies.obj
 0001:000009c0       ?getErrorCallback@Foundation@shdfnd@physx@@UEAAAEAVPxErrorCallback@3@XZ 00000001800019c0 f i Adjacencies.obj
 0001:000009d0       ?GetRecyclable@RadixSort@Cm@physx@@QEBAPEAIXZ 00000001800019d0 f i Adjacencies.obj
 0001:000009d0       ?GetValencies@BigConvexData@physx@@QEBAPEBUValency@Gu@2@XZ 00000001800019d0 f i BigConvexDataBuilder.obj
 0001:000009d0       ?getPos@AABBTreeBuildNode@Gu@physx@@QEBAPEBV123@XZ 00000001800019d0 f i BVHStructureBuilder.obj
 0001:000009e0       ?Init@AdjacenciesBuilder@physx@@QEAA_NAEBUADJACENCIESCREATE@2@@Z 00000001800019e0 f   Adjacencies.obj
 0001:00000f20       ?getAllocator@Foundation@shdfnd@physx@@QEAAAEAVPxAllocatorCallback@3@XZ 0000000180001f20 f i Adjacencies.obj
 0001:00000f30       ?getAllocatorCallback@Foundation@shdfnd@physx@@UEAAAEAVPxAllocatorCallback@3@XZ 0000000180001f30 f i Adjacencies.obj
 0001:00000f40       ?getErrorLevel@Foundation@shdfnd@physx@@UEBA?AW4Enum@PxErrorCode@3@XZ 0000000180001f40 f i Adjacencies.obj
 0001:00000f50       ?getInternalErrorCallback@Foundation@shdfnd@physx@@QEAAAEAVPxErrorCallback@3@XZ 0000000180001f50 f i Adjacencies.obj
 0001:00000f60       ?getNamedAllocMap@Foundation@shdfnd@physx@@QEAAAEAV?$HashMap@PEBVNamedAllocator@shdfnd@physx@@PEBDU?$Hash@PEBVNamedAllocator@shdfnd@physx@@@23@VNonTrackingAllocator@23@@23@XZ 0000000180001f60 f i Adjacencies.obj
 0001:00000f70       ?getNamedAllocMutex@Foundation@shdfnd@physx@@QEAAAEAV?$MutexT@VAllocator@shdfnd@physx@@@23@XZ 0000000180001f70 f i Adjacencies.obj
 0001:00000f80       ?getReportAllocationNames@Foundation@shdfnd@physx@@UEBA_NXZ 0000000180001f80 f i Adjacencies.obj
 0001:00000f90       ?getTempAllocFreeTable@Foundation@shdfnd@physx@@QEAAAEAV?$Array@PEATTempAllocatorChunk@shdfnd@physx@@VAllocator@23@@23@XZ 0000000180001f90 f i Adjacencies.obj
 0001:00000fa0       ?getTempAllocMutex@Foundation@shdfnd@physx@@QEAAAEAV?$MutexT@VAllocator@shdfnd@physx@@@23@XZ 0000000180001fa0 f i Adjacencies.obj
 0001:00000fb0       ?invalidateRanks@RadixSort@Cm@physx@@QEAAXXZ 0000000180001fb0 f i Adjacencies.obj
 0001:00000fc0       ?setErrorLevel@Foundation@shdfnd@physx@@UEAAXW4Enum@PxErrorCode@3@@Z 0000000180001fc0 f i Adjacencies.obj
 0001:00000fd0       ?setReportAllocationNames@Foundation@shdfnd@physx@@UEAAX_N@Z 0000000180001fd0 f i Adjacencies.obj
 0001:00000fe0       ??0DebugText@Cm@physx@@QEAA@$$QEAU012@@Z 0000000180001fe0 f i Cooking.obj
 0001:00000fe0       ??0DebugText@Cm@physx@@QEAA@AEBU012@@Z 0000000180001fe0 f i Cooking.obj
 0001:000010c0       ??0HeightFieldData@Gu@physx@@QEAA@$$QEAU012@@Z 00000001800020c0 f i Cooking.obj
 0001:000010c0       ??0HeightFieldData@Gu@physx@@QEAA@AEBU012@@Z 00000001800020c0 f i Cooking.obj
 0001:000010c0       ??4HeightFieldData@Gu@physx@@QEAAAEAU012@$$QEAU012@@Z 00000001800020c0 f i Cooking.obj
 0001:000010c0       ??4HeightFieldData@Gu@physx@@QEAAAEAU012@AEBU012@@Z 00000001800020c0 f i Cooking.obj
 0001:00001120       ??0HeightFieldData@Gu@physx@@QEAA@XZ 0000000180002120 f i Cooking.obj
 0001:00001130       ??0RenderOutput@Cm@physx@@QEAA@AEAVRenderBuffer@12@@Z 0000000180002130 f i Cooking.obj
 0001:00001180       ??0RenderOutput@Cm@physx@@QEAA@AEBV012@@Z 0000000180002180 f i Cooking.obj
 0001:00001220       ??1PxConvexMesh@physx@@MEAA@XZ 0000000180002220 f i Cooking.obj
 0001:00001220       ??1PxHeightField@physx@@MEAA@XZ 0000000180002220 f i Cooking.obj
 0001:00001230       ??4DebugText@Cm@physx@@QEAAAEAU012@$$QEAU012@@Z 0000000180002230 f i Cooking.obj
 0001:00001230       ??4DebugText@Cm@physx@@QEAAAEAU012@AEBU012@@Z 0000000180002230 f i Cooking.obj
 0001:00001360       ??4FPUGuard@shdfnd@physx@@QEAAAEAV012@AEBV012@@Z 0000000180002360 f i Cooking.obj
 0001:00001380       ??_ECooking@physx@@UEAAPEAXI@Z 0000000180002380 f i Cooking.obj
 0001:00001380       ??_GCooking@physx@@UEAAPEAXI@Z 0000000180002380 f i Cooking.obj
 0001:000013d0       ??_EPxBase@physx@@MEAAPEAXI@Z 00000001800023d0 f i Cooking.obj
 0001:000013d0       ??_GPxBase@physx@@MEAAPEAXI@Z 00000001800023d0 f i Cooking.obj
 0001:00001400       ??_EPxCooking@physx@@MEAAPEAXI@Z 0000000180002400 f i Cooking.obj
 0001:00001400       ??_GPxCooking@physx@@MEAAPEAXI@Z 0000000180002400 f i Cooking.obj
 0001:00001430       ?allocate@?$Array@UPxDebugLine@physx@@V?$ReflectionAllocator@UPxDebugLine@physx@@@shdfnd@2@@shdfnd@physx@@IEAAPEAUPxDebugLine@3@I@Z 0000000180002430 f i Cooking.obj
 0001:000014d0       ?computeHullPolygons@Cooking@physx@@UEBA_NAEBVPxSimpleTriangleMesh@2@AEAVPxAllocatorCallback@2@AEAIAEAPEAVPxVec3@2@2AEAPEAI2AEAPEAUPxHullPolygon@2@@Z 00000001800024d0 f   Cooking.obj
 0001:000016b0       ?cookBVHStructure@Cooking@physx@@UEBA_NAEBVPxBVHStructureDesc@2@AEAVPxOutputStream@2@@Z 00000001800026b0 f   Cooking.obj
 0001:00001760       ?cookConvexMesh@Cooking@physx@@UEBA_NAEBVPxConvexMeshDesc@2@AEAVPxOutputStream@2@PEAW4Enum@PxConvexMeshCookingResult@2@@Z 0000000180002760 f   Cooking.obj
 0001:00001940       ?cookConvexMeshInternal@Cooking@physx@@AEBA_NAEBVPxConvexMeshDesc@2@AEAVConvexMeshBuilder@2@PEAVConvexHullLib@2@PEAW4Enum@PxConvexMeshCookingResult@2@@Z 0000000180002940 f   Cooking.obj
 0001:00001bb0       ?cookHeightField@Cooking@physx@@UEBA_NAEBVPxHeightFieldDesc@2@AEAVPxOutputStream@2@@Z 0000000180002bb0 f   Cooking.obj
 0001:00001c80       ?cookTriangleMesh@Cooking@physx@@UEBA_NAEBVPxTriangleMeshDesc@2@AEAVPxOutputStream@2@PEAW4Enum@PxTriangleMeshCookingResult@2@@Z 0000000180002c80 f   Cooking.obj
 0001:00001dc0       ?copy@?$Array@UPxDebugLine@physx@@V?$ReflectionAllocator@UPxDebugLine@physx@@@shdfnd@2@@shdfnd@physx@@KAXPEAUPxDebugLine@3@0PEBU43@@Z 0000000180002dc0 f i Cooking.obj
 0001:00001f70       ?createBVHStructure@Cooking@physx@@UEBAPEAVPxBVHStructure@2@AEBVPxBVHStructureDesc@2@AEAVPxPhysicsInsertionCallback@2@@Z 0000000180002f70 f   Cooking.obj
 0001:00002020       ?createConvexMesh@Cooking@physx@@UEBAPEAVPxConvexMesh@2@AEBVPxConvexMeshDesc@2@AEAVPxPhysicsInsertionCallback@2@PEAW4Enum@PxConvexMeshCookingResult@2@@Z 0000000180003020 f   Cooking.obj
 0001:00002220       ?createHeightField@Cooking@physx@@UEBAPEAVPxHeightField@2@AEBVPxHeightFieldDesc@2@AEAVPxPhysicsInsertionCallback@2@@Z 0000000180003220 f   Cooking.obj
 0001:00002380       ?createTriangleMesh@Cooking@physx@@UEBAPEAVPxTriangleMesh@2@AEBVPxTriangleMeshDesc@2@AEAVPxPhysicsInsertionCallback@2@PEAW4Enum@PxTriangleMeshCookingResult@2@@Z 0000000180003380 f   Cooking.obj
 0001:000024d0       ?getConcreteTypeName@PxConvexMesh@physx@@UEBAPEBDXZ 00000001800034d0 f i Cooking.obj
 0001:000024e0       ?getConcreteTypeName@PxHeightField@physx@@UEBAPEBDXZ 00000001800034e0 f i Cooking.obj
 0001:000024f0       ?getConvexEdgeThreshold@HeightField@Gu@physx@@UEBAMXZ 00000001800034f0 f i Cooking.obj
 0001:00002500       ?getFlags@HeightField@Gu@physx@@UEBA?AV?$PxFlags@W4Enum@PxHeightFieldFlag@physx@@G@3@XZ 0000000180003500 f i Cooking.obj
 0001:00002510       ?getFormat@HeightField@Gu@physx@@UEBA?AW4Enum@PxHeightFieldFormat@3@XZ 0000000180003510 f i Cooking.obj
 0001:00002520       ?getHeight@HeightField@Gu@physx@@UEBAMMM@Z 0000000180003520 f i Cooking.obj
 0001:00002560       ?getHeightInternal2@HeightField@Gu@physx@@QEBAMIMM@Z 0000000180003560 f i Cooking.obj
 0001:000026d0       ?getIndexBuffer@ConvexMesh@Gu@physx@@UEBAPEBEXZ 00000001800036d0 f i Cooking.obj
 0001:00002710       ?getNbColumns@HeightField@Gu@physx@@UEBAIXZ 0000000180003710 f i Cooking.obj
 0001:00002720       ?getNbPolygons@ConvexMesh@Gu@physx@@UEBAIXZ 0000000180003720 f i Cooking.obj
 0001:00002730       ?getNbRows@HeightField@Gu@physx@@UEBAIXZ 0000000180003730 f i Cooking.obj
 0001:00002740       ?getNbVertices@ConvexMesh@Gu@physx@@UEBAIXZ 0000000180003740 f i Cooking.obj
 0001:00002750       ?getDenormalizeScale@QuantizerImpl@@UEBAAEBVPxVec3@physx@@XZ 0000000180003750 f   Quantizer.obj
 0001:00002750       ?getParams@Cooking@physx@@UEBAAEBUPxCookingParams@2@XZ 0000000180003750 f   Cooking.obj
 0001:00002760       ?getSample@HeightField@Gu@physx@@UEBAAEBUPxHeightFieldSample@3@II@Z 0000000180003760 f i Cooking.obj
 0001:00002770       ?getSampleStride@HeightField@Gu@physx@@UEBAIXZ 0000000180003770 f i Cooking.obj
 0001:00002780       ?getTimestamp@HeightField@Gu@physx@@UEBAIXZ 0000000180003780 f i Cooking.obj
 0001:00002790       ?getTriangleMaterialIndex@HeightField@Gu@physx@@UEBAGI@Z 0000000180003790 f i Cooking.obj
 0001:000027c0       ?getTriangleNormal@HeightField@Gu@physx@@UEBA?AVPxVec3@3@I@Z 00000001800037c0 f i Cooking.obj
 0001:000027e0       ?getTriangleNormalInternal@HeightField@Gu@physx@@QEBA?AVPxVec3@3@I@Z 00000001800037e0 f i Cooking.obj
 0001:00002930       ?getVertices@ConvexMesh@Gu@physx@@UEBAPEBVPxVec3@3@XZ 0000000180003930 f i Cooking.obj
 0001:00002950       ?isKindOf@PxBase@physx@@MEBA_NPEBD@Z 0000000180003950 f i Cooking.obj
 0001:00002980       ?isKindOf@PxConvexMesh@physx@@MEBA_NPEBD@Z 0000000180003980 f i Cooking.obj
 0001:000029d0       ?isKindOf@PxHeightField@physx@@MEBA_NPEBD@Z 00000001800039d0 f i Cooking.obj
 0001:00002a20       ?isReleasable@PxBase@physx@@UEBA_NXZ 0000000180003a20 f i Cooking.obj
 0001:00002a30       ?outputSegment@RenderOutput@Cm@physx@@QEAAXAEBVPxVec3@3@0@Z 0000000180003a30 f i Cooking.obj
 0001:00002af0       ?platformMismatch@Cooking@physx@@UEBA_NXZ 0000000180003af0 f   Cooking.obj
 0001:00002b00       ?preExportDataReset@ConvexMesh@Gu@physx@@QEAAXXZ 0000000180003b00 f i Cooking.obj
 0001:00002b00       ?preExportDataReset@HeightField@Gu@physx@@QEAAXXZ 0000000180003b00 f i Cooking.obj
 0001:00002b10       ?recreate@?$Array@UPxDebugLine@physx@@V?$ReflectionAllocator@UPxDebugLine@physx@@@shdfnd@2@@shdfnd@physx@@IEAAXI@Z 0000000180003b10 f i Cooking.obj
 0001:00002ba0       ?release@Cooking@physx@@UEAAXXZ 0000000180003ba0 f   Cooking.obj
 0001:00002bc0       ?reserveSegments@RenderOutput@Cm@physx@@QEAAPEAUPxDebugLine@3@I@Z 0000000180003bc0 f i Cooking.obj
 0001:00002c20       ?setParams@Cooking@physx@@UEAAXAEBUPxCookingParams@2@@Z 0000000180003c20 f   Cooking.obj
 0001:00002c80       ?validateConvexMesh@Cooking@physx@@UEBA_NAEBVPxConvexMeshDesc@2@@Z 0000000180003c80 f   Cooking.obj
 0001:00002ce0       ?validateTriangleMesh@Cooking@physx@@UEBA_NAEBVPxTriangleMeshDesc@2@@Z 0000000180003ce0 f   Cooking.obj
 0001:00002df0       PxCreateCooking            0000000180003df0 f   Cooking.obj
 0001:00002ee0       ??0ReducedVertexCloud@physx@@QEAA@PEBVPxVec3@1@I@Z 0000000180003ee0 f   CookingUtils.obj
 0001:00002f00       ??1ReducedVertexCloud@physx@@QEAA@XZ 0000000180003f00 f   CookingUtils.obj
 0001:00002f10       ?Clean@ReducedVertexCloud@physx@@QEAAAEAV12@XZ 0000000180003f10 f   CookingUtils.obj
 0001:00002f80       ?Reduce@ReducedVertexCloud@physx@@QEAA_NPEAUREDUCEDCLOUD@2@@Z 0000000180003f80 f   CookingUtils.obj
 0001:000032c0       ??$?_UI@@YAPEAX_KV?$ReflectionAllocator@I@shdfnd@physx@@PEBDH@Z 00000001800042c0 f i EdgeList.obj
 0001:00003360       ??0EdgeListBuilder@Gu@physx@@QEAA@XZ 0000000180004360 f   EdgeList.obj
 0001:00003380       ??1EdgeList@Gu@physx@@QEAA@XZ 0000000180004380 f   EdgeList.obj
 0001:00003420       ??1EdgeListBuilder@Gu@physx@@QEAA@XZ 0000000180004420 f   EdgeList.obj
 0001:00003430       ?computeActiveEdges@EdgeListBuilder@Gu@physx@@AEAA_NIPEBIPEBGPEBVPxVec3@3@M@Z 0000000180004430 f   EdgeList.obj
 0001:00004a40       ?createEdgesToFaces@EdgeListBuilder@Gu@physx@@AEAA_NIPEBIPEBG@Z 0000000180005a40 f   EdgeList.obj
 0001:00004ca0       ?createFacesToEdges@EdgeListBuilder@Gu@physx@@AEAA_NIPEBIPEBG@Z 0000000180005ca0 f   EdgeList.obj
 0001:000050e0       ?init@EdgeListBuilder@Gu@physx@@QEAA_NAEBUEDGELISTCREATE@23@@Z 00000001800060e0 f   EdgeList.obj
 0001:00005200       ??0MeshCleaner@physx@@QEAA@IPEBVPxVec3@1@IPEBIM@Z 0000000180006200 f   MeshCleaner.obj
 0001:00005b70       ??1MeshCleaner@physx@@QEAA@XZ 0000000180006b70 f   MeshCleaner.obj
 0001:00005c00       ??$kmeans_cluster@VPxVec3@physx@@M@@YAIPEBVPxVec3@physx@@IIPEAV01@PEAIMM@Z 0000000180006c00 f i Quantizer.obj
 0001:000065c0       ??_EQuantizer@physx@@MEAAPEAXI@Z 00000001800075c0 f i Quantizer.obj
 0001:000065c0       ??_GQuantizer@physx@@MEAAPEAXI@Z 00000001800075c0 f i Quantizer.obj
 0001:000065f0       ??_EQuantizerImpl@@EEAAPEAXI@Z 00000001800075f0 f i Quantizer.obj
 0001:000065f0       ??_GQuantizerImpl@@EEAAPEAXI@Z 00000001800075f0 f i Quantizer.obj
 0001:000066c0       ?createQuantizer@physx@@YAPEAVQuantizer@1@XZ 00000001800076c0 f   Quantizer.obj
 0001:00006770       ?getDenormalizeCenter@QuantizerImpl@@UEBAAEBVPxVec3@physx@@XZ 0000000180007770 f i Quantizer.obj
 0001:00006780       ?growAndPushBack@?$Array@VPxVec3@physx@@V?$ReflectionAllocator@VPxVec3@physx@@@shdfnd@2@@shdfnd@physx@@IEAAAEAVPxVec3@3@AEBV43@@Z 0000000180007780 f i Quantizer.obj
 0001:00006960       ?kmeansQuantize3D@QuantizerImpl@@UEAAPEBVPxVec3@physx@@IPEBV23@I_NIAEAI@Z 0000000180007960 f i Quantizer.obj
 0001:00006bc0       ?normalizeInput@QuantizerImpl@@AEAAXIPEBVPxVec3@physx@@I@Z 0000000180007bc0 f i Quantizer.obj
 0001:00007010       ?release@QuantizerImpl@@UEAAXXZ 0000000180008010 f i Quantizer.obj
 0001:00007030       ??$copy@V?$ReflectionAllocator@USlab@NodeAllocator@Gu@physx@@@shdfnd@physx@@@?$Array@USlab@NodeAllocator@Gu@physx@@V?$ReflectionAllocator@USlab@NodeAllocator@Gu@physx@@@shdfnd@4@@shdfnd@physx@@IEAAXAEBV012@@Z 0000000180008030 f i BVHStructureBuilder.obj
 0001:000070b0       ??0AABBTreeBuildNode@Gu@physx@@QEAA@AEBV012@@Z 00000001800080b0 f i BVHStructureBuilder.obj
 0001:000070b0       ??4AABBTreeBuildNode@Gu@physx@@QEAAAEAV012@AEBV012@@Z 00000001800080b0 f i BVHStructureBuilder.obj
 0001:000070f0       ??0AABBTreeBuildParams@Gu@physx@@QEAA@IIPEBVPxBounds3@2@@Z 00000001800080f0 f i BVHStructureBuilder.obj
 0001:00007110       ??0BVHStructureBuilder@physx@@QEAA@XZ 0000000180008110 f   BVHStructureBuilder.obj
 0001:00007130       ??0BuildStats@Gu@physx@@QEAA@XZ 0000000180008130 f i BVHStructureBuilder.obj
 0001:00007140       ??0NodeAllocator@Gu@physx@@QEAA@AEBV012@@Z 0000000180008140 f i BVHStructureBuilder.obj
 0001:00007180       ??1AABBTreeBuildParams@Gu@physx@@QEAA@XZ 0000000180008180 f i BVHStructureBuilder.obj
 0001:00007180       ?reset@AABBTreeBuildParams@Gu@physx@@QEAAXXZ 0000000180008180 f i BVHStructureBuilder.obj
 0001:000071e0       ??1BVHStructureBuilder@physx@@QEAA@XZ 00000001800081e0 f   BVHStructureBuilder.obj
 0001:00007260       ??4AABBTreeBuildParams@Gu@physx@@QEAAAEAV012@AEBV012@@Z 0000000180008260 f i BVHStructureBuilder.obj
 0001:00007280       ??4BuildStats@Gu@physx@@QEAAAEAU012@$$QEAU012@@Z 0000000180008280 f i BVHStructureBuilder.obj
 0001:00007290       ??4BuildStats@Gu@physx@@QEAAAEAU012@AEBU012@@Z 0000000180008290 f i BVHStructureBuilder.obj
 0001:000072a0       ??4NodeAllocator@Gu@physx@@QEAAAEAV012@AEBV012@@Z 00000001800082a0 f i BVHStructureBuilder.obj
 0001:00007350       ??_FAABBTreeBuildParams@Gu@physx@@QEAAXXZ 0000000180008350 f i BVHStructureBuilder.obj
 0001:00007370       ??_V@YAXPEAX_K@Z           0000000180008370 f i LIBCMT:delete_array_size.obj
 0001:00007370       ?__global_delete@@YAXPEAX_K@Z 0000000180008370 f i BVHStructureBuilder.obj
 0001:00007380       ?allocate@?$Array@USlab@NodeAllocator@Gu@physx@@V?$ReflectionAllocator@USlab@NodeAllocator@Gu@physx@@@shdfnd@4@@shdfnd@physx@@IEAAPEAUSlab@NodeAllocator@Gu@3@I@Z 0000000180008380 f i BVHStructureBuilder.obj
 0001:00007420       ?flatten@@YAXAEBVNodeAllocator@Gu@physx@@PEAUBVHNode@23@@Z 0000000180008420 f   BVHStructureBuilder.obj
 0001:000075f0       ?getCount@BuildStats@Gu@physx@@QEBAIXZ 00000001800085f0 f i BVHStructureBuilder.obj
 0001:00007600       ?getNbPrimitives@AABBTreeBuildNode@Gu@physx@@QEBAIXZ 0000000180008600 f i BVHStructureBuilder.obj
 0001:00007600       ?getNbRuntimePrimitives@AABBTreeBuildNode@Gu@physx@@QEBAIXZ 0000000180008600 f i BVHStructureBuilder.obj
 0001:00007610       ?getNeg@AABBTreeBuildNode@Gu@physx@@QEBAPEBV123@XZ 0000000180008610 f i BVHStructureBuilder.obj
 0001:00007630       ?getPrimitives@AABBTreeBuildNode@Gu@physx@@QEAAPEAIPEAI@Z 0000000180008630 f i BVHStructureBuilder.obj
 0001:00007630       ?getPrimitives@AABBTreeBuildNode@Gu@physx@@QEBAPEBIPEBI@Z 0000000180008630 f i BVHStructureBuilder.obj
 0001:00007640       ?increaseCount@BuildStats@Gu@physx@@QEAAXI@Z 0000000180008640 f i BVHStructureBuilder.obj
 0001:00007650       ?isLeaf@AABBTreeBuildNode@Gu@physx@@QEBA_NXZ 0000000180008650 f i BVHStructureBuilder.obj
 0001:00007660       ?loadFromDesc@BVHStructureBuilder@physx@@QEAA_NAEBVPxBVHStructureDesc@2@@Z 0000000180008660 f   BVHStructureBuilder.obj
 0001:00007970       ?moveData@BVHStructureBuilder@physx@@QEAAXAEAUBVHStructureData@Gu@2@@Z 0000000180008970 f   BVHStructureBuilder.obj
 0001:000079b0       ?recreate@?$Array@USlab@NodeAllocator@Gu@physx@@V?$ReflectionAllocator@USlab@NodeAllocator@Gu@physx@@@shdfnd@4@@shdfnd@physx@@IEAAXI@Z 00000001800089b0 f i BVHStructureBuilder.obj
 0001:00007a60       ?reset@BuildStats@Gu@physx@@QEAAXXZ 0000000180008a60 f i BVHStructureBuilder.obj
 0001:00007a70       ?save@BVHStructureBuilder@physx@@QEBA_NAEAVPxOutputStream@2@_N@Z 0000000180008a70 f   BVHStructureBuilder.obj
 0001:00007bf0       ?setCount@BuildStats@Gu@physx@@QEAAXI@Z 0000000180008bf0 f i BVHStructureBuilder.obj
 0001:00007c00       ?setNbRunTimePrimitives@AABBTreeBuildNode@Gu@physx@@QEAAXI@Z 0000000180008c00 f i BVHStructureBuilder.obj
 0001:00007c10       ?saveHeightField@physx@@YA_NAEBVHeightField@Gu@1@AEAVPxOutputStream@1@_N@Z 0000000180008c10 f   HeightFieldCooking.obj
 0001:00007e50       ??$quickSelectFirstK@UBoundsLTE@physx@@@quickSelect@physx@@YAXPEIAIIIIAEBUBoundsLTE@1@@Z 0000000180008e50 f i RTreeCooking.obj
 0001:00008030       ??$smallSort@I$$CBUSortBoundsPredicate@physx@@@internal@shdfnd@physx@@YAXPEAIHHAEBUSortBoundsPredicate@2@@Z 0000000180009030 f i RTreeCooking.obj
 0001:000082d0       ??$sort@IU?$Less@I@shdfnd@physx@@V?$ReflectionAllocator@I@23@@shdfnd@physx@@YAXPEAIIAEBU?$Less@I@01@AEBV?$ReflectionAllocator@I@01@I@Z 00000001800092d0 f i RTreeCooking.obj
 0001:00008710       ??$sort@IUSortBoundsPredicate@physx@@V?$ReflectionAllocator@I@shdfnd@2@@shdfnd@physx@@YAXPEAIIAEBUSortBoundsPredicate@1@AEBV?$ReflectionAllocator@I@01@I@Z 0000000180009710 f i RTreeCooking.obj
 0001:00008bc0       ?allocate@?$Array@UInterval@physx@@V?$InlineAllocator@$0CAAA@V?$ReflectionAllocator@UInterval@physx@@@shdfnd@physx@@@shdfnd@2@@shdfnd@physx@@IEAAPEAUInterval@3@I@Z 0000000180009bc0 f i RTreeCooking.obj
 0001:00008c80       ?allocate@?$Array@UPxBounds3V@physx@@V?$ReflectionAllocator@UPxBounds3V@physx@@@shdfnd@2@@shdfnd@physx@@IEAAPEAUPxBounds3V@3@I@Z 0000000180009c80 f i RTreeCooking.obj
 0001:00008d20       ?allocate@?$Array@URTreeNodeNQ@physx@@V?$ReflectionAllocator@URTreeNodeNQ@physx@@@shdfnd@2@@shdfnd@physx@@IEAAPEAURTreeNodeNQ@3@I@Z 0000000180009d20 f i RTreeCooking.obj
 0001:00008dc0       ?allocate@?$Array@URTreeNodeQ@Gu@physx@@V?$ReflectionAllocator@URTreeNodeQ@Gu@physx@@@shdfnd@3@@shdfnd@physx@@IEAAPEAURTreeNodeQ@Gu@3@I@Z 0000000180009dc0 f i RTreeCooking.obj
 0001:00008e60       ?allocate@?$Array@VPxVec3@physx@@V?$ReflectionAllocator@VPxVec3@physx@@@shdfnd@2@@shdfnd@physx@@IEAAPEAVPxVec3@3@I@Z 0000000180009e60 f i RTreeCooking.obj
 0001:00008f00       ?allocate@?$ReflectionAllocator@I@shdfnd@physx@@QEAAPEAX_KPEBDH@Z 0000000180009f00 f i RTreeCooking.obj
 0001:00009be0       ?buildFromTriangles@RTreeCooker@physx@@SAXAEAURTree@Gu@2@PEBVPxVec3@2@IPEBGPEBIIAEAV?$Array@IV?$ReflectionAllocator@I@shdfnd@physx@@@shdfnd@2@PEAURemapCallback@12@MW4Enum@PxMeshCookingHint@2@@Z 000000018000abe0 f   RTreeCooking.obj
 0001:00009ea0       ?copy@?$Array@URTreeNodeNQ@physx@@V?$ReflectionAllocator@URTreeNodeNQ@physx@@@shdfnd@2@@shdfnd@physx@@KAXPEAURTreeNodeNQ@3@0PEBU43@@Z 000000018000aea0 f i RTreeCooking.obj
 0001:0000a060       ?copy@?$Array@VPxVec3@physx@@V?$ReflectionAllocator@VPxVec3@physx@@@shdfnd@2@@shdfnd@physx@@KAXPEAVPxVec3@3@0PEBV43@@Z 000000018000b060 f i RTreeCooking.obj
 0001:0000a130       ?growAndPushBack@?$Array@IV?$ReflectionAllocator@I@shdfnd@physx@@@shdfnd@physx@@IEAAAEAIAEBI@Z 000000018000b130 f i RTreeCooking.obj
 0001:0000a200       ?growAndPushBack@?$Array@UInterval@physx@@V?$InlineAllocator@$0CAAA@V?$ReflectionAllocator@UInterval@physx@@@shdfnd@physx@@@shdfnd@2@@shdfnd@physx@@IEAAAEAUInterval@3@AEBU43@@Z 000000018000b200 f i RTreeCooking.obj
 0001:0000a2e0       ?growAndPushBack@?$Array@UPxBounds3V@physx@@V?$ReflectionAllocator@UPxBounds3V@physx@@@shdfnd@2@@shdfnd@physx@@IEAAAEAUPxBounds3V@3@AEBU43@@Z 000000018000b2e0 f i RTreeCooking.obj
 0001:0000a3b0       ?growAndPushBack@?$Array@URTreeNodeNQ@physx@@V?$ReflectionAllocator@URTreeNodeNQ@physx@@@shdfnd@2@@shdfnd@physx@@IEAAAEAURTreeNodeNQ@3@AEBU43@@Z 000000018000b3b0 f i RTreeCooking.obj
 0001:0000a480       ?growAndPushBack@?$Array@URTreeNodeQ@Gu@physx@@V?$ReflectionAllocator@URTreeNodeQ@Gu@physx@@@shdfnd@3@@shdfnd@physx@@IEAAAEAURTreeNodeQ@Gu@3@AEBU453@@Z 000000018000b480 f i RTreeCooking.obj
 0001:0000a560       ?recreate@?$Array@IV?$ReflectionAllocator@I@shdfnd@physx@@@shdfnd@physx@@IEAAXI@Z 000000018000b560 f i RTreeCooking.obj
 0001:0000a620       ?recreate@?$Array@UPxBounds3V@physx@@V?$ReflectionAllocator@UPxBounds3V@physx@@@shdfnd@2@@shdfnd@physx@@IEAAXI@Z 000000018000b620 f i RTreeCooking.obj
 0001:0000a6d0       ?recreate@?$Array@URTreeNodeNQ@physx@@V?$ReflectionAllocator@URTreeNodeNQ@physx@@@shdfnd@2@@shdfnd@physx@@IEAAXI@Z 000000018000b6d0 f i RTreeCooking.obj
 0001:0000a760       ?recreate@?$Array@URTreeNodeQ@Gu@physx@@V?$ReflectionAllocator@URTreeNodeQ@Gu@physx@@@shdfnd@3@@shdfnd@physx@@IEAAXI@Z 000000018000b760 f i RTreeCooking.obj
 0001:0000a820       ?recreate@?$Array@VPxVec3@physx@@V?$ReflectionAllocator@VPxVec3@physx@@@shdfnd@2@@shdfnd@physx@@IEAAXI@Z 000000018000b820 f i RTreeCooking.obj
 0001:0000a8b0       ?resize@?$Array@IV?$ReflectionAllocator@I@shdfnd@physx@@@shdfnd@physx@@QEAAXIAEBI@Z 000000018000b8b0 f i RTreeCooking.obj
 0001:0000a970       ?resizeUninitialized@?$Array@URTreeNodeNQ@physx@@V?$ReflectionAllocator@URTreeNodeNQ@physx@@@shdfnd@2@@shdfnd@physx@@QEAAXI@Z 000000018000b970 f i RTreeCooking.obj
 0001:0000a9b0       ?sort4@SubSortQuick@physx@@QEAAXPEIAIIAEAV?$Array@URTreeNodeNQ@physx@@V?$ReflectionAllocator@URTreeNodeNQ@physx@@@shdfnd@2@@shdfnd@2@AEAIAEAUPxBounds3V@2@I@Z 000000018000b9b0 f i RTreeCooking.obj
 0001:0000ad40       ?sort4@SubSortSAH@physx@@QEAAXPEAIIAEAV?$Array@URTreeNodeNQ@physx@@V?$ReflectionAllocator@URTreeNodeNQ@physx@@@shdfnd@2@@shdfnd@2@AEAIIPEAURTreeNodeNQ@2@@Z 000000018000bd40 f i RTreeCooking.obj
 0001:0000b5b0       ?split@SubSortSAH@physx@@QEAAIPEAII@Z 000000018000c5b0 f i RTreeCooking.obj
 0001:0000c030       ?computeLocalBounds@MeshBulider@physx@@IEAAXAEAVMeshDataBase@Gu@2@@Z 000000018000d030 f   MeshBuilder.obj
 0001:0000c0c0       ??$?_UG@@YAPEAX_KV?$ReflectionAllocator@G@shdfnd@physx@@PEBDH@Z 000000018000d0c0 f i TriangleMeshBuilder.obj
 0001:0000c160       ??$sort@UEdgeTriLookup@physx@@U?$Less@UEdgeTriLookup@physx@@@shdfnd@2@V?$ReflectionAllocator@UEdgeTriLookup@physx@@@42@@shdfnd@physx@@YAXPEAUEdgeTriLookup@1@IAEBU?$Less@UEdgeTriLookup@physx@@@01@AEBV?$ReflectionAllocator@UEdgeTriLookup@physx@@@01@I@Z 000000018000d160 f i TriangleMeshBuilder.obj
 0001:0000c6e0       ??0BV4TriangleMeshBuilder@physx@@QEAA@AEBUPxCookingParams@1@@Z 000000018000d6e0 f   TriangleMeshBuilder.obj
 0001:0000c7b0       ??0RTreeTriangleMeshBuilder@physx@@QEAA@AEBUPxCookingParams@1@@Z 000000018000d7b0 f   TriangleMeshBuilder.obj
 0001:0000c870       ??1BV4TriangleMeshBuilder@physx@@UEAA@XZ 000000018000d870 f   TriangleMeshBuilder.obj
 0001:0000c8d0       ??1MeshDataBase@Gu@physx@@UEAA@XZ 000000018000d8d0 f i TriangleMeshBuilder.obj
 0001:0000c9b0       ??1RTreeTriangleData@Gu@physx@@UEAA@XZ 000000018000d9b0 f i TriangleMeshBuilder.obj
 0001:0000ca20       ??1RTreeTriangleMeshBuilder@physx@@UEAA@XZ 000000018000da20 f   TriangleMeshBuilder.obj
 0001:0000ca50       ??1TriangleMeshBuilder@physx@@UEAA@XZ 000000018000da50 f   TriangleMeshBuilder.obj
 0001:0000cab0       ??1TriangleMeshData@Gu@physx@@UEAA@XZ 000000018000dab0 f i TriangleMeshBuilder.obj
 0001:0000cb80       ??_EBV4TriangleData@Gu@physx@@UEAAPEAXI@Z 000000018000db80 f i TriangleMeshBuilder.obj
 0001:0000cb80       ??_GBV4TriangleData@Gu@physx@@UEAAPEAXI@Z 000000018000db80 f i TriangleMeshBuilder.obj
 0001:0000cc00       ??_EBV4TriangleMeshBuilder@physx@@UEAAPEAXI@Z 000000018000dc00 f i TriangleMeshBuilder.obj
 0001:0000cc00       ??_GBV4TriangleMeshBuilder@physx@@UEAAPEAXI@Z 000000018000dc00 f i TriangleMeshBuilder.obj
 0001:0000cc80       ??_EMeshDataBase@Gu@physx@@UEAAPEAXI@Z 000000018000dc80 f i TriangleMeshBuilder.obj
 0001:0000cc80       ??_GMeshDataBase@Gu@physx@@UEAAPEAXI@Z 000000018000dc80 f i TriangleMeshBuilder.obj
 0001:0000cce0       ??_ERTreeCookerRemap@physx@@UEAAPEAXI@Z 000000018000dce0 f i TriangleMeshBuilder.obj
 0001:0000cce0       ??_GRTreeCookerRemap@physx@@UEAAPEAXI@Z 000000018000dce0 f i TriangleMeshBuilder.obj
 0001:0000cd10       ??_ERTreeTriangleData@Gu@physx@@UEAAPEAXI@Z 000000018000dd10 f i TriangleMeshBuilder.obj
 0001:0000cd10       ??_GRTreeTriangleData@Gu@physx@@UEAAPEAXI@Z 000000018000dd10 f i TriangleMeshBuilder.obj
 0001:0000cd70       ??_ERTreeTriangleMeshBuilder@physx@@UEAAPEAXI@Z 000000018000dd70 f i TriangleMeshBuilder.obj
 0001:0000cd70       ??_GRTreeTriangleMeshBuilder@physx@@UEAAPEAXI@Z 000000018000dd70 f i TriangleMeshBuilder.obj
 0001:0000cdc0       ??_ERemapCallback@RTreeCooker@physx@@UEAAPEAXI@Z 000000018000ddc0 f i TriangleMeshBuilder.obj
 0001:0000cdc0       ??_GRemapCallback@RTreeCooker@physx@@UEAAPEAXI@Z 000000018000ddc0 f i TriangleMeshBuilder.obj
 0001:0000cdf0       ??_ETriangleMeshBuilder@physx@@UEAAPEAXI@Z 000000018000ddf0 f i TriangleMeshBuilder.obj
 0001:0000cdf0       ??_GTriangleMeshBuilder@physx@@UEAAPEAXI@Z 000000018000ddf0 f i TriangleMeshBuilder.obj
 0001:0000ce30       ??_ETriangleMeshData@Gu@physx@@UEAAPEAXI@Z 000000018000de30 f i TriangleMeshBuilder.obj
 0001:0000ce30       ??_GTriangleMeshData@Gu@physx@@UEAAPEAXI@Z 000000018000de30 f i TriangleMeshBuilder.obj
 0001:0000ce90       ?allocateTriangles@TriangleMeshData@Gu@physx@@QEAAPEAXI_NI@Z 000000018000de90 f i TriangleMeshBuilder.obj
 0001:0000cf70       ?allocateVertices@MeshDataBase@Gu@physx@@QEAAPEAVPxVec3@3@I@Z 000000018000df70 f i TriangleMeshBuilder.obj
 0001:0000d490       ?checkMeshIndicesSize@TriangleMeshBuilder@physx@@QEAAXXZ 000000018000e490 f   TriangleMeshBuilder.obj
 0001:0000d5a0       ?cleanMesh@TriangleMeshBuilder@physx@@QEAA_N_NPEAW4Enum@PxTriangleMeshCookingResult@2@@Z 000000018000e5a0 f   TriangleMeshBuilder.obj
 0001:0000dac0       ?createGRBMidPhaseAndData@TriangleMeshBuilder@physx@@QEAAXI@Z 000000018000eac0 f   TriangleMeshBuilder.obj
 0001:0000dd40       ?createMidPhaseStructure@BV32TriangleMeshBuilder@physx@@SAXAEBUPxCookingParams@2@AEAVTriangleMeshData@Gu@2@AEAVBV32Tree@52@@Z 000000018000ed40 f   TriangleMeshBuilder.obj
 0001:0000df20       ?createMidPhaseStructure@BV4TriangleMeshBuilder@physx@@UEAAXXZ 000000018000ef20 f   TriangleMeshBuilder.obj
 0001:0000e1e0       ?createMidPhaseStructure@RTreeTriangleMeshBuilder@physx@@UEAAXXZ 000000018000f1e0 f   TriangleMeshBuilder.obj
 0001:0000e2c0       ?createSharedEdgeData@TriangleMeshBuilder@physx@@QEAAX_N0@Z 000000018000f2c0 f   TriangleMeshBuilder.obj
 0001:0000e960       ?getMidphaseID@BV4TriangleMeshBuilder@physx@@UEBA?AW4Enum@PxMeshMidPhase@2@XZ 000000018000f960 f i TriangleMeshBuilder.obj
 0001:0000e960       ?length@charNode@@UEBAHXZ  000000018000f960 f i libvcruntime:undname.obj
 0001:0000e960       ?raw_length@charNode@@UEBAHXZ 000000018000f960 f i libvcruntime:undname.obj
 0001:0000e960       DllMain                    000000018000f960 f i LIBCMT:dll_dllmain_stub.obj
 0001:0000e960       _get_startup_argv_mode     000000018000f960 f i LIBCMT:argv_mode.obj
 0001:0000e970       ?getMidphaseID@RTreeTriangleMeshBuilder@physx@@UEBA?AW4Enum@PxMeshMidPhase@2@XZ 000000018000f970 f i TriangleMeshBuilder.obj
 0001:0000e980       ?importMesh@TriangleMeshBuilder@physx@@IEAA_NAEBVPxTriangleMeshDesc@2@AEBUPxCookingParams@2@PEAW4Enum@PxTriangleMeshCookingResult@2@_N@Z 000000018000f980 f   TriangleMeshBuilder.obj
 0001:0000ed00       ?loadFromDesc@TriangleMeshBuilder@physx@@QEAA_NAEBVPxTriangleMeshDesc@2@PEAW4Enum@PxTriangleMeshCookingResult@2@_N@Z 000000018000fd00 f   TriangleMeshBuilder.obj
 0001:0000f180       ?onMeshIndexFormatChange@BV4TriangleMeshBuilder@physx@@UEAAXXZ 0000000180010180 f   TriangleMeshBuilder.obj
 0001:0000f1c0       ?remap@RTreeCookerRemap@physx@@UEAAXPEAIII@Z 00000001800101c0 f i TriangleMeshBuilder.obj
 0001:0000f1e0       ?remapTopology@TriangleMeshBuilder@physx@@QEAAXPEBI@Z 00000001800101e0 f   TriangleMeshBuilder.obj
 0001:0000f4d0       ?save@TriangleMeshBuilder@physx@@QEBA_NAEAVPxOutputStream@2@_NAEBUPxCookingParams@2@@Z 00000001800104d0 f   TriangleMeshBuilder.obj
 0001:0000faa0       ?saveMidPhaseStructure@BV4TriangleMeshBuilder@physx@@UEBAXAEAVPxOutputStream@2@_N@Z 0000000180010aa0 f   TriangleMeshBuilder.obj
 0001:0000fc40       ?saveMidPhaseStructure@RTreeTriangleMeshBuilder@physx@@UEBAXAEAVPxOutputStream@2@_N@Z 0000000180010c40 f   TriangleMeshBuilder.obj
 0001:0000fe80       ??0BigConvexDataBuilder@physx@@QEAA@PEBUConvexHullData@Gu@1@PEAVBigConvexData@1@PEBVPxVec3@1@@Z 0000000180010e80 f   BigConvexDataBuilder.obj
 0001:0000fe90       ??4BigConvexData@physx@@QEAAAEAV01@AEBV01@@Z 0000000180010e90 f i BigConvexDataBuilder.obj
 0001:0000feb0       ?GetAdjacentVerts@BigConvexData@physx@@QEBAPEBEXZ 0000000180010eb0 f i BigConvexDataBuilder.obj
 0001:0000fec0       ?GetNbNeighbors@BigConvexData@physx@@QEBAGI@Z 0000000180010ec0 f i BigConvexDataBuilder.obj
 0001:0000fec0       ?GetValency@BigConvexData@physx@@QEBAGI@Z 0000000180010ec0 f i BigConvexDataBuilder.obj
 0001:0000fed0       ?GetNbSamples@BigConvexData@physx@@QEBAIXZ 0000000180010ed0 f i BigConvexDataBuilder.obj
 0001:0000fee0       ?GetNbVerts@BigConvexData@physx@@QEBAIXZ 0000000180010ee0 f i BigConvexDataBuilder.obj
 0001:0000fee0       ?length@pcharNode@@UEBAHXZ 0000000180010ee0 f i libvcruntime:undname.obj
 0001:0000fee0       ?raw_length@pcharNode@@UEBAHXZ 0000000180010ee0 f i libvcruntime:undname.obj
 0001:0000fef0       ?GetNeighbors@BigConvexData@physx@@QEBAPEBEI@Z 0000000180010ef0 f i BigConvexDataBuilder.obj
 0001:0000ff00       ?GetOffset@BigConvexData@physx@@QEBAGI@Z 0000000180010f00 f i BigConvexDataBuilder.obj
 0001:0000ff10       ?GetSubdiv@BigConvexData@physx@@QEBAIXZ 0000000180010f10 f i BigConvexDataBuilder.obj
 0001:0000ff20       ?computeValencies@BigConvexDataBuilder@physx@@QEAA_NAEBVConvexHullBuilder@2@@Z 0000000180010f20 f   BigConvexDataBuilder.obj
 0001:00010310       ?precompute@BigConvexDataBuilder@physx@@QEAA_NI@Z 0000000180011310 f   BigConvexDataBuilder.obj
 0001:00010f40       ?save@BigConvexDataBuilder@physx@@QEBA_NAEAVPxOutputStream@2@_N@Z 0000000180011f40 f   BigConvexDataBuilder.obj
 0001:00011020       ?saveValencies@BigConvexDataBuilder@physx@@QEBA_NAEAVPxOutputStream@2@_N@Z 0000000180012020 f   BigConvexDataBuilder.obj
 0001:000111c0       ??$?_UE@@YAPEAX_KV?$ReflectionAllocator@E@shdfnd@physx@@PEBDH@Z 00000001800121c0 f i ConvexHullBuilder.obj
 0001:00011260       ??0ConvexHullBuilder@physx@@QEAA@PEAUConvexHullData@Gu@1@_N@Z 0000000180012260 f   ConvexHullBuilder.obj
 0001:00011290       ??1ConvexHullBuilder@physx@@QEAA@XZ 0000000180012290 f   ConvexHullBuilder.obj
 0001:00011390       ?calculateVertexMapTable@ConvexHullBuilder@physx@@QEAA_NI_N@Z 0000000180012390 f   ConvexHullBuilder.obj
 0001:000115a0       ?checkHullPolygons@ConvexHullBuilder@physx@@QEBA_NXZ 00000001800125a0 f   ConvexHullBuilder.obj
 0001:00011b80       ?computeGeomCenter@ConvexHullBuilder@physx@@IEBA_NAEAVPxVec3@2@IPEAUHullTriangleData@2@@Z 0000000180012b80 f   ConvexHullBuilder.obj
 0001:00011e40       ?copy@ConvexHullBuilder@physx@@QEAA_NAEAUConvexHullData@Gu@2@AEAI@Z 0000000180012e40 f   ConvexHullBuilder.obj
 0001:000120b0       ?createEdgeList@ConvexHullBuilder@physx@@QEAA_N_NI@Z 00000001800130b0 f   ConvexHullBuilder.obj
 0001:00012900       ?init@ConvexHullBuilder@physx@@QEAA_NIPEBVPxVec3@2@PEBIIIPEBUPxHullPolygon@2@_NPEAVConvexHullLib@2@@Z 0000000180013900 f   ConvexHullBuilder.obj
 0001:00013240       ?save@ConvexHullBuilder@physx@@QEBA_NAEAVPxOutputStream@2@_N@Z 0000000180014240 f   ConvexHullBuilder.obj
 0001:00013560       ??1ConvexHullLib@physx@@UEAA@XZ 0000000180014560 f   ConvexHullLib.obj
 0001:000135c0       ??_EConvexHullLib@physx@@UEAAPEAXI@Z 00000001800145c0 f i ConvexHullLib.obj
 0001:000135c0       ??_GConvexHullLib@physx@@UEAAPEAXI@Z 00000001800145c0 f i ConvexHullLib.obj
 0001:00013b20       ?cleanupVertices@ConvexHullLib@physx@@IEAA_NIPEBVPxVec3@2@IAEAIPEAV32@AEAV32@3@Z 0000000180014b20 f   ConvexHullLib.obj
 0001:00013fb0       ?shiftAndcleanupVertices@ConvexHullLib@physx@@IEAA_NIPEBVPxVec3@2@IAEAIPEAV32@AEAV32@3@Z 0000000180014fb0 f   ConvexHullLib.obj
 0001:00014460       ?shiftConvexMeshDesc@ConvexHullLib@physx@@IEAAXAEAVPxConvexMeshDesc@2@@Z 0000000180015460 f   ConvexHullLib.obj
 0001:00014520       ?swapLargestFace@ConvexHullLib@physx@@IEAAXAEAVPxConvexMeshDesc@2@@Z 0000000180015520 f   ConvexHullLib.obj
 0001:00014710       ??0Box@Gu@physx@@QEAA@AEBV012@@Z 0000000180015710 f i ConvexHullUtils.obj
 0001:00014710       ??4Box@Gu@physx@@QEAAAEBV012@AEBV012@@Z 0000000180015710 f i ConvexHullUtils.obj
 0001:00014770       ??0Box@Gu@physx@@QEAA@AEBVPxVec3@2@0AEBVPxMat33@2@@Z 0000000180015770 f i ConvexHullUtils.obj
 0001:000147e0       ??0ConvexHull@physx@@QEAA@AEBVPxVec3@1@AEBVPxTransform@1@AEBV?$Array@VPxPlane@physx@@V?$ReflectionAllocator@VPxPlane@physx@@@shdfnd@2@@shdfnd@1@@Z 00000001800157e0 f   ConvexHullUtils.obj
 0001:00015930       ??0PxQuat@physx@@QEAA@AEBVPxMat33@1@@Z 0000000180016930 f i ConvexHullUtils.obj
 0001:00015b30       ?allocate@?$Array@VHalfEdge@ConvexHull@physx@@V?$ReflectionAllocator@VHalfEdge@ConvexHull@physx@@@shdfnd@3@@shdfnd@physx@@IEAAPEAVHalfEdge@ConvexHull@3@I@Z 0000000180016b30 f i ConvexHullUtils.obj
 0001:00015bd0       ?allocate@?$Array@VPxPlane@physx@@V?$ReflectionAllocator@VPxPlane@physx@@@shdfnd@2@@shdfnd@physx@@IEAAPEAVPxPlane@3@I@Z 0000000180016bd0 f i ConvexHullUtils.obj
 0001:00015c70       ?assertIntact@ConvexHull@physx@@QEBA_NM@Z 0000000180016c70 f   ConvexHullUtils.obj
 0001:00015f90       ?computeAABBExtent@Box@Gu@physx@@QEBA?AVPxVec3@3@XZ 0000000180016f90 f i ConvexHullUtils.obj
 0001:00016050       ?computeBoxPoints@Box@Gu@physx@@QEBAXPEIAVPxVec3@3@@Z 0000000180017050 f i ConvexHullUtils.obj
 0001:00016090       ?computeOBBFromConvex@physx@@YA_NAEBVPxConvexMeshDesc@1@AEAVPxVec3@1@AEAVPxTransform@1@@Z 0000000180017090 f   ConvexHullUtils.obj
 0001:00016770       ?computeOBBSIMD@local@@YAXIPEBT__m128@@AEAT2@AEBT2@1@Z 0000000180017770 f   ConvexHullUtils.obj
 0001:00016b50       ?convexHullCrop@physx@@YAPEAVConvexHull@1@AEBV21@AEBVPxPlane@1@M@Z 0000000180017b50 f   ConvexHullUtils.obj
 0001:00017940       ?copy@?$Array@VPxPlane@physx@@V?$ReflectionAllocator@VPxPlane@physx@@@shdfnd@2@@shdfnd@physx@@KAXPEAVPxPlane@3@0PEBV43@@Z 0000000180018940 f i ConvexHullUtils.obj
 0001:00017a40       ?findCandidatePlane@ConvexHull@physx@@QEBAHMM@Z 0000000180018a40 f   ConvexHullUtils.obj
 0001:00017e90       ?getInverse@PxMat33@physx@@QEBA?BV12@XZ 0000000180018e90 f i ConvexHullUtils.obj
 0001:000180e0       ?getTransform@Box@Gu@physx@@QEBA?AVPxTransform@3@XZ 00000001800190e0 f i ConvexHullUtils.obj
 0001:00018140       ?growAndPushBack@?$Array@VHalfEdge@ConvexHull@physx@@V?$ReflectionAllocator@VHalfEdge@ConvexHull@physx@@@shdfnd@3@@shdfnd@physx@@IEAAAEAVHalfEdge@ConvexHull@3@AEBV453@@Z 0000000180019140 f i ConvexHullUtils.obj
 0001:00018200       ?growAndPushBack@?$Array@VPxPlane@physx@@V?$ReflectionAllocator@VPxPlane@physx@@@shdfnd@2@@shdfnd@physx@@IEAAAEAVPxPlane@3@AEBV43@@Z 0000000180019200 f i ConvexHullUtils.obj
 0001:000182c0       ?isValid@Box@Gu@physx@@QEBA_NXZ 00000001800192c0 f i ConvexHullUtils.obj
 0001:000182e0       ?maxNumVertsPerFace@ConvexHull@physx@@QEBAIXZ 00000001800192e0 f   ConvexHullUtils.obj
 0001:00018350       ?recreate@?$Array@VHalfEdge@ConvexHull@physx@@V?$ReflectionAllocator@VHalfEdge@ConvexHull@physx@@@shdfnd@3@@shdfnd@physx@@IEAAXI@Z 0000000180019350 f i ConvexHullUtils.obj
 0001:000183f0       ?recreate@?$Array@VPxPlane@physx@@V?$ReflectionAllocator@VPxPlane@physx@@@shdfnd@2@@shdfnd@physx@@IEAAXI@Z 00000001800193f0 f i ConvexHullUtils.obj
 0001:00018480       ?resize@?$Array@VHalfEdge@ConvexHull@physx@@V?$ReflectionAllocator@VHalfEdge@ConvexHull@physx@@@shdfnd@3@@shdfnd@physx@@QEAAXIAEBVHalfEdge@ConvexHull@3@@Z 0000000180019480 f i ConvexHullUtils.obj
 0001:00018540       ?resize@?$Array@VPxPlane@physx@@V?$ReflectionAllocator@VPxPlane@physx@@@shdfnd@2@@shdfnd@physx@@QEAAXIAEBVPxPlane@3@@Z 0000000180019540 f i ConvexHullUtils.obj
 0001:00018660       ?resize@?$Array@VPxVec3@physx@@V?$ReflectionAllocator@VPxVec3@physx@@@shdfnd@2@@shdfnd@physx@@QEAAXIAEBVPxVec3@3@@Z 0000000180019660 f i ConvexHullUtils.obj
 0001:00018750       ?rotate@Box@Gu@physx@@QEBA?AVPxVec3@3@AEBV43@@Z 0000000180019750 f i ConvexHullUtils.obj
 0001:000187e0       ?rotateInv@Box@Gu@physx@@QEBA?AVPxVec3@3@AEBV43@@Z 00000001800197e0 f i ConvexHullUtils.obj
 0001:00018870       ?setAxes@Box@Gu@physx@@QEAAXAEBVPxVec3@3@00@Z 0000000180019870 f i ConvexHullUtils.obj
 0001:000188b0       ?setEmpty@Box@Gu@physx@@QEAAXXZ 00000001800198b0 f i ConvexHullUtils.obj
 0001:000188f0       ?transform@Box@Gu@physx@@QEBA?AVPxVec3@3@AEBV43@@Z 00000001800198f0 f i ConvexHullUtils.obj
 0001:00018990       ??0ConvexMeshBuilder@physx@@QEAA@_N@Z 0000000180019990 f   ConvexMeshBuilder.obj
 0001:000189f0       ??1ConvexMeshBuilder@physx@@QEAA@XZ 00000001800199f0 f   ConvexMeshBuilder.obj
 0001:00018e40       ?build@ConvexMeshBuilder@physx@@QEAA_NAEBVPxConvexMeshDesc@2@I_NPEAVConvexHullLib@2@@Z 0000000180019e40 f   ConvexMeshBuilder.obj
 0001:00019150       ?computeHullPolygons@ConvexMeshBuilder@physx@@QEAA_NAEBIPEBVPxVec3@2@0PEBIAEAVPxAllocatorCallback@2@AEAIAEAPEAV32@4AEAPEAI4AEAPEAUPxHullPolygon@2@@Z 000000018001a150 f   ConvexMeshBuilder.obj
 0001:00019370       ?computeMassInfo@ConvexMeshBuilder@physx@@QEAAX_N@Z 000000018001a370 f   ConvexMeshBuilder.obj
 0001:00019740       ?copy@ConvexMeshBuilder@physx@@QEAA_NAEAUConvexHullInitData@Gu@2@@Z 000000018001a740 f   ConvexMeshBuilder.obj
 0001:00019860       ?isFinite@PxVec3@physx@@QEBA_NXZ 000000018001a860 f i ConvexMeshBuilder.obj
 0001:000198c0       ?loadConvexHull@ConvexMeshBuilder@physx@@QEAA_NAEBVPxConvexMeshDesc@2@PEAVConvexHullLib@2@@Z 000000018001a8c0 f   ConvexMeshBuilder.obj
 0001:00019b30       ?save@ConvexMeshBuilder@physx@@QEBA_NAEAVPxOutputStream@2@_N@Z 000000018001ab30 f   ConvexMeshBuilder.obj
 0001:00019d40       ??$copy@V?$ReflectionAllocator@VPair@@@shdfnd@physx@@@?$Array@VPair@@V?$ReflectionAllocator@VPair@@@shdfnd@physx@@@shdfnd@physx@@IEAAXAEBV012@@Z 000000018001ad40 f i ConvexPolygonsBuilder.obj
 0001:00019dc0       ??0ConvexPolygonsBuilder@physx@@QEAA@PEAUConvexHullData@Gu@1@_N@Z 000000018001adc0 f   ConvexPolygonsBuilder.obj
 0001:00019de0       ??1ConvexPolygonsBuilder@physx@@QEAA@XZ 000000018001ade0 f   ConvexPolygonsBuilder.obj
 0001:0001a630       ?allocate@?$Array@VPair@@V?$ReflectionAllocator@VPair@@@shdfnd@physx@@@shdfnd@physx@@IEAAPEAVPair@@I@Z 000000018001b630 f i ConvexPolygonsBuilder.obj
 0001:0001ae60       ?computeHullPolygons@ConvexPolygonsBuilder@physx@@QEAA_NAEBIPEBVPxVec3@2@0PEBI@Z 000000018001be60 f   ConvexPolygonsBuilder.obj
 0001:0001bf40       ?createPolygonData@ConvexPolygonsBuilder@physx@@AEAA_NXZ 000000018001cf40 f   ConvexPolygonsBuilder.obj
 0001:0001cb30       ?createTrianglesFromPolygons@ConvexPolygonsBuilder@physx@@AEAA_NXZ 000000018001db30 f   ConvexPolygonsBuilder.obj
 0001:0001e190       ?growAndPushBack@?$Array@VPair@@V?$ReflectionAllocator@VPair@@@shdfnd@physx@@@shdfnd@physx@@IEAAAEAVPair@@AEBV4@@Z 000000018001f190 f i ConvexPolygonsBuilder.obj
 0001:0001e260       ??0QuickHull@local@@QEAA@AEBUPxCookingParams@physx@@AEBVPxConvexMeshDesc@3@@Z 000000018001f260 f   QuickHullConvexHullLib.obj
 0001:0001e310       ??0QuickHullConvexHullLib@physx@@QEAA@AEBVPxConvexMeshDesc@1@AEBUPxCookingParams@1@@Z 000000018001f310 f   QuickHullConvexHullLib.obj
 0001:0001e400       ??1?$MemBlock@UQuickHullFace@local@@$00@local@@QEAA@XZ 000000018001f400 f i QuickHullConvexHullLib.obj
 0001:0001e400       ??1?$MemBlock@UQuickHullHalfEdge@local@@$0A@@local@@QEAA@XZ 000000018001f400 f i QuickHullConvexHullLib.obj
 0001:0001e490       ??1QuickHull@local@@QEAA@XZ 000000018001f490 f   QuickHullConvexHullLib.obj
 0001:0001e5d0       ??_GConvexHull@physx@@QEAAPEAXI@Z 000000018001f5d0 f i QuickHullConvexHullLib.obj
 0001:0001e6b0       ??_EQuickHullConvexHullLib@physx@@UEAAPEAXI@Z 000000018001f6b0 f i QuickHullConvexHullLib.obj
 0001:0001e6b0       ??_GQuickHullConvexHullLib@physx@@UEAAPEAXI@Z 000000018001f6b0 f i QuickHullConvexHullLib.obj
 0001:0001e7b0       ?addPointToHull@QuickHull@local@@IEAA_NPEBUQuickHullVertex@2@AEAUQuickHullFace@2@AEA_N@Z 000000018001f7b0 f   QuickHullConvexHullLib.obj
 0001:0001ea80       ?addSimplex@QuickHull@local@@IEAAXPEAUQuickHullVertex@2@_N@Z 000000018001fa80 f   QuickHullConvexHullLib.obj
 0001:0001ef50       ?allocate@?$Array@PEAUQuickHullFace@local@@V?$ReflectionAllocator@PEAUQuickHullFace@local@@@shdfnd@physx@@@shdfnd@physx@@IEAAPEAPEAUQuickHullFace@local@@I@Z 000000018001ff50 f i QuickHullConvexHullLib.obj
 0001:0001eff0       ?allocate@?$Array@PEAUQuickHullHalfEdge@local@@V?$ReflectionAllocator@PEAUQuickHullHalfEdge@local@@@shdfnd@physx@@@shdfnd@physx@@IEAAPEAPEAUQuickHullHalfEdge@local@@I@Z 000000018001fff0 f i QuickHullConvexHullLib.obj
 0001:0001f090       ?allocate@?$Array@PEAUQuickHullVertex@local@@V?$ReflectionAllocator@PEAUQuickHullVertex@local@@@shdfnd@physx@@@shdfnd@physx@@IEAAPEAPEAUQuickHullVertex@local@@I@Z 0000000180020090 f i QuickHullConvexHullLib.obj
 0001:0001f130       ?allocate@?$Array@UExpandPoint@local@@V?$ReflectionAllocator@UExpandPoint@local@@@shdfnd@physx@@@shdfnd@physx@@IEAAPEAUExpandPoint@local@@I@Z 0000000180020130 f i QuickHullConvexHullLib.obj
 0001:0001f1d0       ?buildHull@QuickHull@local@@QEAA?AW4Enum@QuickHullResult@2@XZ 00000001800201d0 f   QuickHullConvexHullLib.obj
 0001:0001f3e0       ?calculateHorizon@QuickHull@local@@IEAAXAEBVPxVec3@physx@@PEAUQuickHullHalfEdge@2@AEAUQuickHullFace@2@AEAV?$Array@PEAUQuickHullHalfEdge@local@@V?$ReflectionAllocator@PEAUQuickHullHalfEdge@local@@@shdfnd@physx@@@shdfnd@4@AEAV?$Array@PEAUQuickHullFace@local@@V?$ReflectionAllocator@PEAUQuickHullFace@local@@@shdfnd@physx@@@84@@Z 00000001800203e0 f   QuickHullConvexHullLib.obj
 0001:0001f590       ?canMergeFaces@QuickHull@local@@IEAA_NAEBUQuickHullHalfEdge@2@@Z 0000000180020590 f   QuickHullConvexHullLib.obj
 0001:0001fdc0       ?cleanupForSimplex@QuickHullConvexHullLib@physx@@IEAA_NPEAVPxVec3@2@IPEAUQuickHullVertex@local@@1AEAM2@Z 0000000180020dc0 f   QuickHullConvexHullLib.obj
 0001:000209e0       ?computeMinMaxVerts@QuickHull@local@@IEAAXXZ 00000001800219e0 f   QuickHullConvexHullLib.obj
 0001:00020db0       ?connectHalfEdges@QuickHullFace@local@@AEAAPEAU12@PEAUQuickHullHalfEdge@2@0@Z 0000000180021db0 f   QuickHullConvexHullLib.obj
 0001:00021120       ?copy@?$Array@UExpandPoint@local@@V?$ReflectionAllocator@UExpandPoint@local@@@shdfnd@physx@@@shdfnd@physx@@KAXPEAUExpandPoint@local@@0PEBU45@@Z 0000000180022120 f i QuickHullConvexHullLib.obj
 0001:000211d0       ?createConvexHull@QuickHullConvexHullLib@physx@@UEAA?AW4Enum@PxConvexMeshCookingResult@2@XZ 00000001800221d0 f   QuickHullConvexHullLib.obj
 0001:000215d0       ?createEdgeList@QuickHullConvexHullLib@physx@@UEAA_NIPEBEPEAPEAEPEAPEAG2@Z 00000001800225d0 f   QuickHullConvexHullLib.obj
 0001:00021820       ?createTriangle@QuickHull@local@@IEAAPEAUQuickHullFace@2@AEBUQuickHullVertex@2@00@Z 0000000180022820 f   QuickHullConvexHullLib.obj
 0001:00021c00       ?doAdjacentMerge@QuickHull@local@@IEAA_NAEAUQuickHullFace@2@_NAEA_N@Z 0000000180022c00 f   QuickHullConvexHullLib.obj
 0001:00021f50       ?expandHull@QuickHullConvexHullLib@physx@@IEAA?AW4Enum@PxConvexMeshCookingResult@2@XZ 0000000180022f50 f   QuickHullConvexHullLib.obj
 0001:00022890       ?expandHullOBB@QuickHullConvexHullLib@physx@@IEAA?AW4Enum@PxConvexMeshCookingResult@2@XZ 0000000180023890 f   QuickHullConvexHullLib.obj
 0001:00022ca0       ?fillConvexMeshDesc@QuickHullConvexHullLib@physx@@UEAAXAEAVPxConvexMeshDesc@2@@Z 0000000180023ca0 f   QuickHullConvexHullLib.obj
 0001:00022cf0       ?fillConvexMeshDescFromCroppedHull@QuickHullConvexHullLib@physx@@IEAAXAEAVPxConvexMeshDesc@2@@Z 0000000180023cf0 f   QuickHullConvexHullLib.obj
 0001:00022ee0       ?fillConvexMeshDescFromQuickHull@QuickHullConvexHullLib@physx@@IEAAXAEAVPxConvexMeshDesc@2@@Z 0000000180023ee0 f   QuickHullConvexHullLib.obj
 0001:00023250       ?findSimplex@QuickHull@local@@IEAA_NXZ 0000000180024250 f   QuickHullConvexHullLib.obj
 0001:00023f00       ?getFreeItem@?$MemBlock@UQuickHullFace@local@@$00@local@@QEAAPEAUQuickHullFace@2@XZ 0000000180024f00 f i QuickHullConvexHullLib.obj
 0001:00024030       ?getFreeItem@?$MemBlock@UQuickHullHalfEdge@local@@$0A@@local@@QEAAPEAUQuickHullHalfEdge@2@XZ 0000000180025030 f i QuickHullConvexHullLib.obj
 0001:00024100       ?growAndPushBack@?$Array@PEAUQuickHullFace@local@@V?$ReflectionAllocator@PEAUQuickHullFace@local@@@shdfnd@physx@@@shdfnd@physx@@IEAAAEAPEAUQuickHullFace@local@@AEBQEAU45@@Z 0000000180025100 f i QuickHullConvexHullLib.obj
 0001:000241c0       ?growAndPushBack@?$Array@PEAUQuickHullHalfEdge@local@@V?$ReflectionAllocator@PEAUQuickHullHalfEdge@local@@@shdfnd@physx@@@shdfnd@physx@@IEAAAEAPEAUQuickHullHalfEdge@local@@AEBQEAU45@@Z 00000001800251c0 f i QuickHullConvexHullLib.obj
 0001:00024280       ?growAndPushBack@?$Array@PEAUQuickHullVertex@local@@V?$ReflectionAllocator@PEAUQuickHullVertex@local@@@shdfnd@physx@@@shdfnd@physx@@IEAAAEAPEAUQuickHullVertex@local@@AEBQEAU45@@Z 0000000180025280 f i QuickHullConvexHullLib.obj
 0001:00024340       ?growAndPushBack@?$Array@UExpandPoint@local@@V?$ReflectionAllocator@UExpandPoint@local@@@shdfnd@physx@@@shdfnd@physx@@IEAAAEAUExpandPoint@local@@AEBU45@@Z 0000000180025340 f i QuickHullConvexHullLib.obj
 0001:00024440       ?init@?$MemBlock@UQuickHullFace@local@@$00@local@@QEAAXI@Z 0000000180025440 f i QuickHullConvexHullLib.obj
 0001:00024530       ?init@?$MemBlock@UQuickHullHalfEdge@local@@$0A@@local@@QEAAXI@Z 0000000180025530 f i QuickHullConvexHullLib.obj
 0001:000245d0       ?mergeAdjacentFace@QuickHullFace@local@@QEAA_NPEAUQuickHullHalfEdge@2@AEAV?$Array@PEAUQuickHullFace@local@@V?$ReflectionAllocator@PEAUQuickHullFace@local@@@shdfnd@physx@@@shdfnd@physx@@@Z 00000001800255d0 f   QuickHullConvexHullLib.obj
 0001:00024a20       ?nextPointToAdd@QuickHull@local@@IEAAPEAUQuickHullVertex@2@AEAPEAUQuickHullFace@2@@Z 0000000180025a20 f   QuickHullConvexHullLib.obj
 0001:00024ba0       ?parseInputVertices@QuickHull@local@@QEAAXPEBVPxVec3@physx@@I@Z 0000000180025ba0 f   QuickHullConvexHullLib.obj
 0001:00024d20       ?postMergeHull@QuickHull@local@@IEAAXXZ 0000000180025d20 f   QuickHullConvexHullLib.obj
 0001:00024f80       ?preallocate@QuickHull@local@@QEAAXI@Z 0000000180025f80 f   QuickHullConvexHullLib.obj
 0001:000250c0       ?recreate@?$Array@PEAUQuickHullFace@local@@V?$ReflectionAllocator@PEAUQuickHullFace@local@@@shdfnd@physx@@@shdfnd@physx@@IEAAXI@Z 00000001800260c0 f i QuickHullConvexHullLib.obj
 0001:00025160       ?recreate@?$Array@PEAUQuickHullHalfEdge@local@@V?$ReflectionAllocator@PEAUQuickHullHalfEdge@local@@@shdfnd@physx@@@shdfnd@physx@@IEAAXI@Z 0000000180026160 f i QuickHullConvexHullLib.obj
 0001:00025200       ?recreate@?$Array@PEAUQuickHullVertex@local@@V?$ReflectionAllocator@PEAUQuickHullVertex@local@@@shdfnd@physx@@@shdfnd@physx@@IEAAXI@Z 0000000180026200 f i QuickHullConvexHullLib.obj
 0001:000252a0       ?recreate@?$Array@UExpandPoint@local@@V?$ReflectionAllocator@UExpandPoint@local@@@shdfnd@physx@@@shdfnd@physx@@IEAAXI@Z 00000001800262a0 f i QuickHullConvexHullLib.obj
 0001:00025330       ?resolveUnclaimedPoints@QuickHull@local@@IEAAXAEBV?$Array@PEAUQuickHullFace@local@@V?$ReflectionAllocator@PEAUQuickHullFace@local@@@shdfnd@physx@@@shdfnd@physx@@@Z 0000000180026330 f   QuickHullConvexHullLib.obj
 0001:00026030       ?computeVolumeIntegralsEberly@physx@@YA_NAEBVPxConvexMeshDesc@1@MAEAUPxIntegrals@1@AEBVPxVec3@1@@Z 0000000180027030 f   VolumeIntegration.obj
 0001:00026070       ?computeVolumeIntegralsEberlySIMD@physx@@YA_NAEBVPxConvexMeshDesc@1@MAEAUPxIntegrals@1@AEBVPxVec3@1@@Z 0000000180027070 f   VolumeIntegration.obj
 0001:000266c0       ?cookingDelayHook@@YAP6A_JXZIPEAUDelayLoadInfo@@@Z 00000001800276c0 f   WindowsCookingDelayLoadHook.obj
 0001:000267a0       PxSetPhysXCookingDelayLoadHook 00000001800277a0 f   WindowsCookingDelayLoadHook.obj
 0001:000267a8       __imp_load_??0RadixSortBuffered@Cm@physx@@QEAA@XZ 00000001800277a8 f   PhysXCommon_64:PhysXCommon_64.dll
 0001:000267b4       ??0RadixSortBuffered@Cm@physx@@QEAA@XZ 00000001800277b4 f   PhysXCommon_64:PhysXCommon_64.dll
 0001:000267ba       __tailMerge_physxcommon_64_dll 00000001800277ba     PhysXCommon_64:PhysXCommon_64.dll
 0001:00026833       __imp_load_??1RadixSortBuffered@Cm@physx@@UEAA@XZ 0000000180027833 f   PhysXCommon_64:PhysXCommon_64.dll
 0001:0002683f       ??1RadixSortBuffered@Cm@physx@@UEAA@XZ 000000018002783f f   PhysXCommon_64:PhysXCommon_64.dll
 0001:00026845       __imp_load_?Sort@RadixSortBuffered@Cm@physx@@QEAAAEAV123@PEBIIW4RadixHint@23@@Z 0000000180027845 f   PhysXCommon_64:PhysXCommon_64.dll
 0001:00026851       ?Sort@RadixSortBuffered@Cm@physx@@QEAAAEAV123@PEBIIW4RadixHint@23@@Z 0000000180027851 f   PhysXCommon_64:PhysXCommon_64.dll
 0001:00026857       __imp_load_??0HeightField@Gu@physx@@QEAA@PEAVGuMeshFactory@2@@Z 0000000180027857 f   PhysXCommon_64:PhysXCommon_64.dll
 0001:00026863       ??0HeightField@Gu@physx@@QEAA@PEAVGuMeshFactory@2@@Z 0000000180027863 f   PhysXCommon_64:PhysXCommon_64.dll
 0001:00026869       __imp_load_?loadFromDesc@HeightField@Gu@physx@@QEAA_NAEBVPxHeightFieldDesc@3@@Z 0000000180027869 f   PhysXCommon_64:PhysXCommon_64.dll
 0001:00026875       ?loadFromDesc@HeightField@Gu@physx@@QEAA_NAEBVPxHeightFieldDesc@3@@Z 0000000180027875 f   PhysXCommon_64:PhysXCommon_64.dll
 0001:0002687b       __imp_load_?computeCellCoordinates@HeightField@Gu@physx@@QEBAIMMAEAM0@Z 000000018002787b f   PhysXCommon_64:PhysXCommon_64.dll
 0001:00026887       ?computeCellCoordinates@HeightField@Gu@physx@@QEBAIMMAEAM0@Z 0000000180027887 f   PhysXCommon_64:PhysXCommon_64.dll
 0001:0002688d       __imp_load_?releaseMemory@HeightField@Gu@physx@@QEAAXXZ 000000018002788d f   PhysXCommon_64:PhysXCommon_64.dll
 0001:00026899       ?releaseMemory@HeightField@Gu@physx@@QEAAXXZ 0000000180027899 f   PhysXCommon_64:PhysXCommon_64.dll
 0001:0002689f       __imp_load_??1HeightField@Gu@physx@@UEAA@XZ 000000018002789f f   PhysXCommon_64:PhysXCommon_64.dll
 0001:000268ab       ??1HeightField@Gu@physx@@UEAA@XZ 00000001800278ab f   PhysXCommon_64:PhysXCommon_64.dll
 0001:000268b1       __imp_load_??0NodeAllocator@Gu@physx@@QEAA@XZ 00000001800278b1 f   PhysXCommon_64:PhysXCommon_64.dll
 0001:000268bd       ??0NodeAllocator@Gu@physx@@QEAA@XZ 00000001800278bd f   PhysXCommon_64:PhysXCommon_64.dll
 0001:000268c3       __imp_load_??1NodeAllocator@Gu@physx@@QEAA@XZ 00000001800278c3 f   PhysXCommon_64:PhysXCommon_64.dll
 0001:000268cf       ??1NodeAllocator@Gu@physx@@QEAA@XZ 00000001800278cf f   PhysXCommon_64:PhysXCommon_64.dll
 0001:000268d5       __imp_load_?release@NodeAllocator@Gu@physx@@QEAAXXZ 00000001800278d5 f   PhysXCommon_64:PhysXCommon_64.dll
 0001:000268e1       ?release@NodeAllocator@Gu@physx@@QEAAXXZ 00000001800278e1 f   PhysXCommon_64:PhysXCommon_64.dll
 0001:000268e7       __imp_load_?buildAABBTree@Gu@physx@@YA_NAEAVAABBTreeBuildParams@12@AEAVNodeAllocator@12@AEAUBuildStats@12@AEAPEAI@Z 00000001800278e7 f   PhysXCommon_64:PhysXCommon_64.dll
 0001:000268f3       ?buildAABBTree@Gu@physx@@YA_NAEAVAABBTreeBuildParams@12@AEAVNodeAllocator@12@AEAUBuildStats@12@AEAPEAI@Z 00000001800278f3 f   PhysXCommon_64:PhysXCommon_64.dll
 0001:000268f9       __imp_load_?writeDword@physx@@YAXI_NAEAVPxOutputStream@1@@Z 00000001800278f9 f   PhysXCommon_64:PhysXCommon_64.dll
 0001:00026905       ?writeDword@physx@@YAXI_NAEAVPxOutputStream@1@@Z 0000000180027905 f   PhysXCommon_64:PhysXCommon_64.dll
 0001:0002690b       __imp_load_?writeFloatBuffer@physx@@YAXPEBMI_NAEAVPxOutputStream@1@@Z 000000018002790b f   PhysXCommon_64:PhysXCommon_64.dll
 0001:00026917       ?writeFloatBuffer@physx@@YAXPEBMI_NAEAVPxOutputStream@1@@Z 0000000180027917 f   PhysXCommon_64:PhysXCommon_64.dll
 0001:0002691d       __imp_load_?writeHeader@physx@@YA_NCCCCI_NAEAVPxOutputStream@1@@Z 000000018002791d f   PhysXCommon_64:PhysXCommon_64.dll
 0001:00026929       ?writeHeader@physx@@YA_NCCCCI_NAEAVPxOutputStream@1@@Z 0000000180027929 f   PhysXCommon_64:PhysXCommon_64.dll
 0001:0002692f       __imp_load_?writeWord@physx@@YAXG_NAEAVPxOutputStream@1@@Z 000000018002792f f   PhysXCommon_64:PhysXCommon_64.dll
 0001:0002693b       ?writeWord@physx@@YAXG_NAEAVPxOutputStream@1@@Z 000000018002793b f   PhysXCommon_64:PhysXCommon_64.dll
 0001:00026941       __imp_load_?writeFloat@physx@@YAXM_NAEAVPxOutputStream@1@@Z 0000000180027941 f   PhysXCommon_64:PhysXCommon_64.dll
 0001:0002694d       ?writeFloat@physx@@YAXM_NAEAVPxOutputStream@1@@Z 000000018002794d f   PhysXCommon_64:PhysXCommon_64.dll
 0001:00026953       __imp_load_?computeBoundsAroundVertices@Gu@physx@@YAXAEAVPxBounds3@2@IPEIBVPxVec3@2@@Z 0000000180027953 f   PhysXCommon_64:PhysXCommon_64.dll
 0001:0002695f       ?computeBoundsAroundVertices@Gu@physx@@YAXAEAVPxBounds3@2@IPEIBVPxVec3@2@@Z 000000018002795f f   PhysXCommon_64:PhysXCommon_64.dll
 0001:00026965       __imp_load_??0SourceMesh@Gu@physx@@QEAA@XZ 0000000180027965 f   PhysXCommon_64:PhysXCommon_64.dll
 0001:00026971       ??0SourceMesh@Gu@physx@@QEAA@XZ 0000000180027971 f   PhysXCommon_64:PhysXCommon_64.dll
 0001:00026977       __imp_load_??1SourceMesh@Gu@physx@@QEAA@XZ 0000000180027977 f   PhysXCommon_64:PhysXCommon_64.dll
 0001:00026983       ??1SourceMesh@Gu@physx@@QEAA@XZ 0000000180027983 f   PhysXCommon_64:PhysXCommon_64.dll
 0001:00026989       __imp_load_??0BV4Tree@Gu@physx@@QEAA@XZ 0000000180027989 f   PhysXCommon_64:PhysXCommon_64.dll
 0001:00026995       ??0BV4Tree@Gu@physx@@QEAA@XZ 0000000180027995 f   PhysXCommon_64:PhysXCommon_64.dll
 0001:0002699b       __imp_load_??1BV4Tree@Gu@physx@@QEAA@XZ 000000018002799b f   PhysXCommon_64:PhysXCommon_64.dll
 0001:000269a7       ??1BV4Tree@Gu@physx@@QEAA@XZ 00000001800279a7 f   PhysXCommon_64:PhysXCommon_64.dll
 0001:000269ad       __imp_load_??0BV32Tree@Gu@physx@@QEAA@XZ 00000001800279ad f   PhysXCommon_64:PhysXCommon_64.dll
 0001:000269b9       ??0BV32Tree@Gu@physx@@QEAA@XZ 00000001800279b9 f   PhysXCommon_64:PhysXCommon_64.dll
 0001:000269bf       __imp_load_??1BV32Tree@Gu@physx@@QEAA@XZ 00000001800279bf f   PhysXCommon_64:PhysXCommon_64.dll
 0001:000269cb       ??1BV32Tree@Gu@physx@@QEAA@XZ 00000001800279cb f   PhysXCommon_64:PhysXCommon_64.dll
 0001:000269d1       __imp_load_?writeWordBuffer@physx@@YAXPEBGI_NAEAVPxOutputStream@1@@Z 00000001800279d1 f   PhysXCommon_64:PhysXCommon_64.dll
 0001:000269dd       ?writeWordBuffer@physx@@YAXPEBGI_NAEAVPxOutputStream@1@@Z 00000001800279dd f   PhysXCommon_64:PhysXCommon_64.dll
 0001:000269e3       __imp_load_?computeMaxIndex@physx@@YAIPEBII@Z 00000001800279e3 f   PhysXCommon_64:PhysXCommon_64.dll
 0001:000269ef       ?computeMaxIndex@physx@@YAIPEBII@Z 00000001800279ef f   PhysXCommon_64:PhysXCommon_64.dll
 0001:000269f5       __imp_load_?storeIndices@physx@@YAXIIPEBIAEAVPxOutputStream@1@_N@Z 00000001800279f5 f   PhysXCommon_64:PhysXCommon_64.dll
 0001:00026a01       ?storeIndices@physx@@YAXIIPEBIAEAVPxOutputStream@1@_N@Z 0000000180027a01 f   PhysXCommon_64:PhysXCommon_64.dll
 0001:00026a07       __imp_load_?BuildBV4Ex@Gu@physx@@YA_NAEAVBV4Tree@12@AEAVSourceMesh@12@MI@Z 0000000180027a07 f   PhysXCommon_64:PhysXCommon_64.dll
 0001:00026a13       ?BuildBV4Ex@Gu@physx@@YA_NAEAVBV4Tree@12@AEAVSourceMesh@12@MI@Z 0000000180027a13 f   PhysXCommon_64:PhysXCommon_64.dll
 0001:00026a19       __imp_load_?BuildBV32Ex@Gu@physx@@YA_NAEAVBV32Tree@12@AEAVSourceMesh@12@MI@Z 0000000180027a19 f   PhysXCommon_64:PhysXCommon_64.dll
 0001:00026a25       ?BuildBV32Ex@Gu@physx@@YA_NAEAVBV32Tree@12@AEAVSourceMesh@12@MI@Z 0000000180027a25 f   PhysXCommon_64:PhysXCommon_64.dll
 0001:00026a2b       __imp_load_?computeMaxIndex@physx@@YAGPEBGI@Z 0000000180027a2b f   PhysXCommon_64:PhysXCommon_64.dll
 0001:00026a37       ?computeMaxIndex@physx@@YAGPEBGI@Z 0000000180027a37 f   PhysXCommon_64:PhysXCommon_64.dll
 0001:00026a3d       __imp_load_?WriteHeader@Gu@physx@@YA_NEEEEI_NAEAVPxOutputStream@2@@Z 0000000180027a3d f   PhysXCommon_64:PhysXCommon_64.dll
 0001:00026a49       ?WriteHeader@Gu@physx@@YA_NEEEEI_NAEAVPxOutputStream@2@@Z 0000000180027a49 f   PhysXCommon_64:PhysXCommon_64.dll
 0001:00026a4f       __imp_load_?StoreIndices@Gu@physx@@YAXGIPEBGAEAVPxOutputStream@2@_N@Z 0000000180027a4f f   PhysXCommon_64:PhysXCommon_64.dll
 0001:00026a5b       ?StoreIndices@Gu@physx@@YAXGIPEBGAEAVPxOutputStream@2@_N@Z 0000000180027a5b f   PhysXCommon_64:PhysXCommon_64.dll
 0001:00026a61       __imp_load_?CreateOffsets@BigConvexData@physx@@IEAAXXZ 0000000180027a61 f   PhysXCommon_64:PhysXCommon_64.dll
 0001:00026a6d       ?CreateOffsets@BigConvexData@physx@@IEAAXXZ 0000000180027a6d f   PhysXCommon_64:PhysXCommon_64.dll
 0001:00026a73       __imp_load_?computeOBBPoints@Gu@physx@@YAXPEIAVPxVec3@2@AEBV32@1111@Z 0000000180027a73 f   PhysXCommon_64:PhysXCommon_64.dll
 0001:00026a7f       ?computeOBBPoints@Gu@physx@@YAXPEIAVPxVec3@2@AEBV32@1111@Z 0000000180027a7f f   PhysXCommon_64:PhysXCommon_64.dll
 0001:00026a85       __imp_load_??0BigConvexData@physx@@QEAA@XZ 0000000180027a85 f   PhysXCommon_64:PhysXCommon_64.dll
 0001:00026a91       ??0BigConvexData@physx@@QEAA@XZ 0000000180027a91 f   PhysXCommon_64:PhysXCommon_64.dll
 0001:00026a97       __imp_load_??1BigConvexData@physx@@QEAA@XZ 0000000180027a97 f   PhysXCommon_64:PhysXCommon_64.dll
 0001:00026aa3       ??1BigConvexData@physx@@QEAA@XZ 0000000180027aa3 f   PhysXCommon_64:PhysXCommon_64.dll
 0001:00026aa9       __imp_load_PxGetFoundation 0000000180027aa9 f   PhysXFoundation_64:PhysXFoundation_64.dll
 0001:00026ab5       PxGetFoundation            0000000180027ab5 f   PhysXFoundation_64:PhysXFoundation_64.dll
 0001:00026abb       __tailMerge_physxfoundation_64_dll 0000000180027abb     PhysXFoundation_64:PhysXFoundation_64.dll
 0001:00026b34       __imp_load_?getAllocator@shdfnd@physx@@YAAEAVPxAllocatorCallback@2@XZ 0000000180027b34 f   PhysXFoundation_64:PhysXFoundation_64.dll
 0001:00026b40       ?getAllocator@shdfnd@physx@@YAAEAVPxAllocatorCallback@2@XZ 0000000180027b40 f   PhysXFoundation_64:PhysXFoundation_64.dll
 0001:00026b46       __imp_load_?getInstance@Foundation@shdfnd@physx@@SAAEAV123@XZ 0000000180027b46 f   PhysXFoundation_64:PhysXFoundation_64.dll
 0001:00026b52       ?getInstance@Foundation@shdfnd@physx@@SAAEAV123@XZ 0000000180027b52 f   PhysXFoundation_64:PhysXFoundation_64.dll
 0001:00026b58       __imp_load_?error@Foundation@shdfnd@physx@@QEAAXW4Enum@PxErrorCode@3@PEBDH1ZZ 0000000180027b58 f   PhysXFoundation_64:PhysXFoundation_64.dll
 0001:00026b64       ?error@Foundation@shdfnd@physx@@QEAAXW4Enum@PxErrorCode@3@PEBDH1ZZ 0000000180027b64 f   PhysXFoundation_64:PhysXFoundation_64.dll
 0001:00026b6a       __imp_load_?incRefCount@Foundation@shdfnd@physx@@SAXXZ 0000000180027b6a f   PhysXFoundation_64:PhysXFoundation_64.dll
 0001:00026b76       ?incRefCount@Foundation@shdfnd@physx@@SAXXZ 0000000180027b76 f   PhysXFoundation_64:PhysXFoundation_64.dll
 0001:00026b7c       __imp_load_?decRefCount@Foundation@shdfnd@physx@@SAXXZ 0000000180027b7c f   PhysXFoundation_64:PhysXFoundation_64.dll
 0001:00026b88       ?decRefCount@Foundation@shdfnd@physx@@SAXXZ 0000000180027b88 f   PhysXFoundation_64:PhysXFoundation_64.dll
 0001:00026b8e       __imp_load_??0FPUGuard@shdfnd@physx@@QEAA@XZ 0000000180027b8e f   PhysXFoundation_64:PhysXFoundation_64.dll
 0001:00026b9a       ??0FPUGuard@shdfnd@physx@@QEAA@XZ 0000000180027b9a f   PhysXFoundation_64:PhysXFoundation_64.dll
 0001:00026ba0       __imp_load_??1FPUGuard@shdfnd@physx@@QEAA@XZ 0000000180027ba0 f   PhysXFoundation_64:PhysXFoundation_64.dll
 0001:00026bac       ??1FPUGuard@shdfnd@physx@@QEAA@XZ 0000000180027bac f   PhysXFoundation_64:PhysXFoundation_64.dll
 0001:00026bb2       __imp_load_?allocate@TempAllocator@shdfnd@physx@@QEAAPEAX_KPEBDH@Z 0000000180027bb2 f   PhysXFoundation_64:PhysXFoundation_64.dll
 0001:00026bbe       ?allocate@TempAllocator@shdfnd@physx@@QEAAPEAX_KPEBDH@Z 0000000180027bbe f   PhysXFoundation_64:PhysXFoundation_64.dll
 0001:00026bc4       __imp_load_?deallocate@TempAllocator@shdfnd@physx@@QEAAXPEAX@Z 0000000180027bc4 f   PhysXFoundation_64:PhysXFoundation_64.dll
 0001:00026bd0       ?deallocate@TempAllocator@shdfnd@physx@@QEAAXPEAX@Z 0000000180027bd0 f   PhysXFoundation_64:PhysXFoundation_64.dll
 0001:00026bd6       __imp_load_?PxDiagonalize@physx@@YA?AVPxVec3@1@AEBVPxMat33@1@AEAVPxQuat@1@@Z 0000000180027bd6 f   PhysXFoundation_64:PhysXFoundation_64.dll
 0001:00026be2       ?PxDiagonalize@physx@@YA?AVPxVec3@1@AEBVPxMat33@1@AEAVPxQuat@1@@Z 0000000180027be2 f   PhysXFoundation_64:PhysXFoundation_64.dll
 0001:00026be8       ?DloadAcquireSectionWriteAccess@@YAXXZ 0000000180027be8 f i Delayimp:delayhlp.obj
 0001:00026c94       ?DloadGetSRWLockFunctionPointers@@YAEXZ 0000000180027c94 f i Delayimp:delayhlp.obj
 0001:00026d34       ?DloadMakePermanentImageCommit@@YAXPEAX_K@Z 0000000180027d34 f i Delayimp:delayhlp.obj
 0001:00026dcc       ?DloadObtainSection@@YAPEAXPEAK0@Z 0000000180027dcc f i Delayimp:delayhlp.obj
 0001:00026e68       ?DloadProtectSection@@YAXKPEAK@Z 0000000180027e68 f i Delayimp:delayhlp.obj
 0001:00026ef8       ?DloadReleaseSectionWriteAccess@@YAXXZ 0000000180027ef8 f i Delayimp:delayhlp.obj
 0001:00026f8c       __delayLoadHelper2         0000000180027f8c f   Delayimp:delayhlp.obj
 0001:00027264       ??3@YAXPEAX_K@Z            0000000180028264 f   LIBCMT:delete_scalar_size.obj
 0001:00027264       ??_V@YAXPEAX@Z             0000000180028264 f   LIBCMT:delete_array.obj
 0001:0002726c       ??_Etype_info@@UEAAPEAXI@Z 000000018002826c f i LIBCMT:std_type_info_static.obj
 0001:0002726c       ??_Gtype_info@@UEAAPEAXI@Z 000000018002826c f i LIBCMT:std_type_info_static.obj
 0001:00027298       ?__scrt_initialize_type_info@@YAXXZ 0000000180028298 f   LIBCMT:tncleanup.obj
 0001:000272a8       ?__scrt_uninitialize_type_info@@YAXXZ 00000001800282a8 f   LIBCMT:tncleanup.obj
 0001:000272d0       __chkstk                   00000001800282d0 f   LIBCMT:chkstk.obj
 0001:000272d0       _alloca_probe              00000001800282d0 f   LIBCMT:chkstk.obj
 0001:00027320       ??3@YAXPEAX@Z              0000000180028320 f   LIBCMT:delete_scalar.obj
 0001:00027330       __vdecl_sinf4              0000000180028330 f   LIBCMT:svml_ssinf4_dispatch.obj
 0001:00027350       __libm_sse2_sincosf_       0000000180028350 f   LIBCMT:svml_ssinf4_dispatch.obj
 0001:00027393       __libm_sse2_sincosf4_      0000000180028393 f   LIBCMT:svml_ssinf4_dispatch.obj
 0001:000276c0       _DllMainCRTStartup         00000001800286c0 f   LIBCMT:dll_dllmain.obj
 0001:00027700       __isa_available_init       0000000180028700 f   LIBCMT:cpu_disp.obj
 0001:000278b0       __sse2_sinf4@@16           00000001800288b0 f   LIBCMT:svml_ssinf4_sse2.obj
 0001:000281f0       __sse4_sinf4@@16           00000001800291f0 f   LIBCMT:svml_ssinf4_sse4.obj
 0001:00028964       __security_init_cookie     0000000180029964 f   LIBCMT:gs_support.obj
 0001:00028a10       __local_stdio_printf_options 0000000180029a10 f i LIBCMT:default_local_stdio_options.obj
 0001:00028a18       __local_stdio_scanf_options 0000000180029a18 f i LIBCMT:default_local_stdio_options.obj
 0001:00028a20       __scrt_initialize_default_local_stdio_options 0000000180029a20 f   LIBCMT:default_local_stdio_options.obj
 0001:00028a3c       __scrt_acquire_startup_lock 0000000180029a3c f   LIBCMT:utility.obj
 0001:00028a78       __scrt_dllmain_after_initialize_c 0000000180029a78 f   LIBCMT:utility.obj
 0001:00028aac       __scrt_dllmain_before_initialize_c 0000000180029aac f   LIBCMT:utility.obj
 0001:00028ac4       __scrt_dllmain_crt_thread_attach 0000000180029ac4 f   LIBCMT:utility.obj
 0001:00028aec       __scrt_dllmain_crt_thread_detach 0000000180029aec f   LIBCMT:utility.obj
 0001:00028b04       __scrt_dllmain_exception_filter 0000000180029b04 f   LIBCMT:utility.obj
 0001:00028b64       __scrt_dllmain_uninitialize_c 0000000180029b64 f   LIBCMT:utility.obj
 0001:00028b94       __scrt_dllmain_uninitialize_critical 0000000180029b94 f   LIBCMT:utility.obj
 0001:00028ba8       __scrt_initialize_crt      0000000180029ba8 f   LIBCMT:utility.obj
 0001:00028bf4       __scrt_initialize_onexit_tables 0000000180029bf4 f   LIBCMT:utility.obj
 0001:00028c80       __scrt_is_nonwritable_in_current_image 0000000180029c80 f   LIBCMT:utility.obj
 0001:00028d18       __scrt_release_startup_lock 0000000180029d18 f   LIBCMT:utility.obj
 0001:00028d3c       __scrt_uninitialize_crt    0000000180029d3c f   LIBCMT:utility.obj
 0001:00028d68       __scrt_get_dyn_tls_init_callback 0000000180029d68 f   LIBCMT:dyn_tls_init.obj
 0001:00028d70       __crt_debugger_hook        0000000180029d70 f   LIBCMT:utility_desktop.obj
 0001:00028d78       __scrt_fastfail            0000000180029d78 f   LIBCMT:utility_desktop.obj
 0001:00028ec4       _RTC_Initialize            0000000180029ec4 f   LIBCMT:initsect.obj
 0001:00028f00       _RTC_Terminate             0000000180029f00 f   LIBCMT:initsect.obj
 0001:00028f40       __common_ssin_cout_rare    0000000180029f40 f   LIBCMT:svml_s_sin_cout.obj
 0001:00028fb0       __scrt_is_ucrt_dll_in_use  0000000180029fb0 f   LIBCMT:ucrt_detection.obj
 0001:00028fbc       _get_purecall_handler      0000000180029fbc f   libvcruntime:purevirt.obj
 0001:00028fc8       _purecall                  0000000180029fc8 f   libvcruntime:purevirt.obj
 0001:00028fec       __std_type_info_compare    0000000180029fec f   libvcruntime:std_type_info.obj
 0001:00029014       __std_type_info_destroy_list 000000018002a014 f   libvcruntime:std_type_info.obj
 0001:00029040       __std_type_info_name       000000018002a040 f   libvcruntime:std_type_info.obj
 0001:00029170       memset_repstos             000000018002a170 f   libvcruntime:memset.obj
 0001:00029190       memset                     000000018002a190 f   libvcruntime:memset.obj
 0001:00029530       memcpy_repmovs             000000018002a530 f   libvcruntime:memcpy.obj
 0001:00029550       memcpy                     000000018002a550 f   libvcruntime:memcpy.obj
 0001:00029550       memmove                    000000018002a550 f   libvcruntime:memcpy.obj
 0001:00029bc8       strstr                     000000018002abc8 f   libvcruntime:strstr.obj
 0001:00029dc0       __C_specific_handler       000000018002adc0 f   libvcruntime:riscchandler.obj
 0001:00029fb8       __vcrt_initialize          000000018002afb8 f   libvcruntime:initialization.obj
 0001:00029fe0       __vcrt_thread_attach       000000018002afe0 f   libvcruntime:initialization.obj
 0001:00029ff4       __vcrt_thread_detach       000000018002aff4 f   libvcruntime:initialization.obj
 0001:0002a008       __vcrt_uninitialize        000000018002b008 f   libvcruntime:initialization.obj
 0001:0002a024       __vcrt_uninitialize_critical 000000018002b024 f   libvcruntime:initialization.obj
 0001:0002a034       __DestructExceptionObject  000000018002b034 f   libvcruntime:ehhelpers.obj
 0001:0002a0a4       ?_CallMemberFunction0@@YAXQEAX0@Z 000000018002b0a4 f i libvcruntime:ehhelpers.obj
 0001:0002a0a8       _IsExceptionObjectToBeDestroyed 000000018002b0a8 f   libvcruntime:ehhelpers.obj
 0001:0002a0d8       __AdjustPointer            000000018002b0d8 f   libvcruntime:ehhelpers.obj
 0001:0002a0fc       __FrameUnwindFilter        000000018002b0fc f   libvcruntime:ehhelpers.obj
 0001:0002a164       ??$?0$00@DName@@QEAA@PEBDU?$StringLifeSelector@$00@@@Z 000000018002b164 f i libvcruntime:undname.obj
 0001:0002a1a4       ??$?0$01@DName@@QEAA@PEBDU?$StringLifeSelector@$01@@@Z 000000018002b1a4 f i libvcruntime:undname.obj
 0001:0002a1a4       ??$?0$0A@@DName@@QEAA@PEBDU?$StringLifeSelector@$0A@@@@Z 000000018002b1a4 f i libvcruntime:undname.obj
 0001:0002a1e4       ??$?0$01@pcharNode@@QEAA@PEBDHU?$StringLifeSelector@$01@@@Z 000000018002b1e4 f i libvcruntime:undname.obj
 0001:0002a1e4       ??$?0$0A@@pcharNode@@QEAA@PEBDHU?$StringLifeSelector@$0A@@@@Z 000000018002b1e4 f i libvcruntime:undname.obj
 0001:0002a258       ??$append@VDNameNode@@@DName@@AEAAXPEBVDNameNode@@@Z 000000018002b258 f i libvcruntime:undname.obj
 0001:0002a258       ??$append@VDNameStatusNode@@@DName@@AEAAXPEBVDNameStatusNode@@@Z 000000018002b258 f i libvcruntime:undname.obj
 0001:0002a258       ??$append@VcharNode@@@DName@@AEAAXPEBVcharNode@@@Z 000000018002b258 f i libvcruntime:undname.obj
 0001:0002a258       ??$append@VpcharNode@@@DName@@AEAAXPEBVpcharNode@@@Z 000000018002b258 f i libvcruntime:undname.obj
 0001:0002a2bc       ??$doPchar@$00@DName@@AEAAXPEBDH@Z 000000018002b2bc f i libvcruntime:undname.obj
 0001:0002a360       ??$doPchar@$01@DName@@AEAAXPEBDH@Z 000000018002b360 f i libvcruntime:undname.obj
 0001:0002a360       ??$doPchar@$0A@@DName@@AEAAXPEBDH@Z 000000018002b360 f i libvcruntime:undname.obj
 0001:0002a3f8       ??0DName@@QEAA@AEAPEBDD@Z  000000018002b3f8 f   libvcruntime:undname.obj
 0001:0002a4a8       ??0DName@@QEAA@AEBUStringLiteral@@@Z 000000018002b4a8 f   libvcruntime:undname.obj
 0001:0002a4d4       ??0DName@@QEAA@PEAV0@@Z    000000018002b4d4 f   libvcruntime:undname.obj
 0001:0002a558       ??0DName@@QEAA@_J@Z        000000018002b558 f   libvcruntime:undname.obj
 0001:0002a600       ??0DName@@QEAA@_K@Z        000000018002b600 f   libvcruntime:undname.obj
 0001:0002a690       ??2@YAPEAX_KAEAV_HeapManager@@H@Z 000000018002b690 f   libvcruntime:undname.obj
 0001:0002a6bc       ??4DName@@QEAAAEAV0@W4DNameStatus@@@Z 000000018002b6bc f   libvcruntime:undname.obj
 0001:0002a6ec       ??AReplicator@@QEBA?AVDName@@H@Z 000000018002b6ec f   libvcruntime:undname.obj
 0001:0002a72c       ??HDName@@QEBA?AV0@AEBUStringLiteral@@@Z 000000018002b72c f   libvcruntime:undname.obj
 0001:0002a758       ??HDName@@QEBA?AV0@AEBV0@@Z 000000018002b758 f   libvcruntime:undname.obj
 0001:0002a784       ??HDName@@QEBA?AV0@D@Z     000000018002b784 f   libvcruntime:undname.obj
 0001:0002a7b0       ??HDName@@QEBA?AV0@W4DNameStatus@@@Z 000000018002b7b0 f   libvcruntime:undname.obj
 0001:0002a7dc       ??YDName@@QEAAAEAV0@AEBUStringLiteral@@@Z 000000018002b7dc f   libvcruntime:undname.obj
 0001:0002a85c       ??YDName@@QEAAAEAV0@AEBV0@@Z 000000018002b85c f   libvcruntime:undname.obj
 0001:0002a8b4       ??YDName@@QEAAAEAV0@D@Z    000000018002b8b4 f   libvcruntime:undname.obj
 0001:0002a920       ??YDName@@QEAAAEAV0@W4DNameStatus@@@Z 000000018002b920 f   libvcruntime:undname.obj
 0001:0002a978       ??YReplicator@@QEAAAEAV0@AEBVDName@@@Z 000000018002b978 f   libvcruntime:undname.obj
 0001:0002a9d0       ?UScore@UnDecorator@@SA?AUStringLiteral@@W4Tokens@@@Z 000000018002b9d0 f   libvcruntime:undname.obj
 0001:0002aa1c       ?composeDeclaration@UnDecorator@@CA?AVDName@@AEBV2@@Z 000000018002ba1c f i libvcruntime:undname.obj
[...]
 0002:0001232c       $N00052                    000000018005832c     PhysXCooking_64.exp
 0002:00012355       $N00053                    0000000180058355     PhysXCooking_64.exp
 0002:00012384       $N00054                    0000000180058384     PhysXCooking_64.exp
 0002:000123ad       $N00055                    00000001800583ad     PhysXCooking_64.exp
 0002:000123d6       $N00056                    00000001800583d6     PhysXCooking_64.exp
 0002:00012404       $N00057                    0000000180058404     PhysXCooking_64.exp
 0002:0001242c       $N00058                    000000018005842c     PhysXCooking_64.exp
 0002:00012467       $N00059                    0000000180058467     PhysXCooking_64.exp
 0002:00012491       $N00060                    0000000180058491     PhysXCooking_64.exp
 0002:000124c5       $N00061                    00000001800584c5     PhysXCooking_64.exp
 0002:000124fb       $N00062                    00000001800584fb     PhysXCooking_64.exp
 0002:00012537       $N00063                    0000000180058537     PhysXCooking_64.exp
 0002:0001257f       $N00064                    000000018005857f     PhysXCooking_64.exp
 0002:000125cf       $N00065                    00000001800585cf     PhysXCooking_64.exp
 0002:00012603       $N00066                    0000000180058603     PhysXCooking_64.exp
 0002:00012638       $N00067                    0000000180058638     PhysXCooking_64.exp
 0002:0001266e       $N00068                    000000018005866e     PhysXCooking_64.exp
 0002:00012695       $N00069                    0000000180058695     PhysXCooking_64.exp
 0002:000126dd       $N00070                    00000001800586dd     PhysXCooking_64.exp
 0002:00012723       $N00071                    0000000180058723     PhysXCooking_64.exp
 0002:0001277b       $N00072                    000000018005877b     PhysXCooking_64.exp
 0002:000127c2       $N00073                    00000001800587c2     PhysXCooking_64.exp
 0002:000127ed       $N00074                    00000001800587ed     PhysXCooking_64.exp
 0002:0001281d       $N00075                    000000018005881d     PhysXCooking_64.exp
 0002:0001286d       $N00076                    000000018005886d     PhysXCooking_64.exp
 0002:0001291c       $N00077                    000000018005891c     PhysXCooking_64.exp
 0002:0001297a       $N00078                    000000018005897a     PhysXCooking_64.exp
 0002:000129a6       $N00079                    00000001800589a6     PhysXCooking_64.exp
 0002:000129d2       $N00080                    00000001800589d2     PhysXCooking_64.exp
 0002:00012a07       $N00081                    0000000180058a07     PhysXCooking_64.exp
 0002:00012a30       $N00082                    0000000180058a30     PhysXCooking_64.exp
 0002:00012a6c       $N00083                    0000000180058a6c     PhysXCooking_64.exp
 0002:00012a98       $N00084                    0000000180058a98     PhysXCooking_64.exp
 0002:00012acb       $N00085                    0000000180058acb     PhysXCooking_64.exp
 0002:00012b18       $N00086                    0000000180058b18     PhysXCooking_64.exp
 0002:00012b4b       $N00087                    0000000180058b4b     PhysXCooking_64.exp
 0002:00012b85       $N00088                    0000000180058b85     PhysXCooking_64.exp
 0002:00012bbf       $N00089                    0000000180058bbf     PhysXCooking_64.exp
 0002:00012bfb       $N00090                    0000000180058bfb     PhysXCooking_64.exp
 0002:00012c3f       $N00091                    0000000180058c3f     PhysXCooking_64.exp
 0002:00012c6e       $N00092                    0000000180058c6e     PhysXCooking_64.exp
 0002:00012ce8       $N00093                    0000000180058ce8     PhysXCooking_64.exp
 0002:00012d45       $N00094                    0000000180058d45     PhysXCooking_64.exp
 0002:00012d71       $N00095                    0000000180058d71     PhysXCooking_64.exp
 0002:00012da5       $N00096                    0000000180058da5     PhysXCooking_64.exp
 0002:00012dde       $N00097                    0000000180058dde     PhysXCooking_64.exp
 0002:00012e1b       $N00098                    0000000180058e1b     PhysXCooking_64.exp
 0002:00012e51       $N00099                    0000000180058e51     PhysXCooking_64.exp
 0002:00012e7e       $N00100                    0000000180058e7e     PhysXCooking_64.exp
 0002:00012eab       $N00101                    0000000180058eab     PhysXCooking_64.exp
 0002:00012ed6       $N00102                    0000000180058ed6     PhysXCooking_64.exp
 0002:00012f02       $N00103                    0000000180058f02     PhysXCooking_64.exp
 0002:00012f2f       $N00104                    0000000180058f2f     PhysXCooking_64.exp
 0002:00012f4f       $N00105                    0000000180058f4f     PhysXCooking_64.exp
 0002:00012f8b       $N00106                    0000000180058f8b     PhysXCooking_64.exp
 0002:00012fbc       $N00107                    0000000180058fbc     PhysXCooking_64.exp
 0002:00012fee       $N00108                    0000000180058fee     PhysXCooking_64.exp
 0002:00013030       $N00109                    0000000180059030     PhysXCooking_64.exp
 0002:0001305d       $N00110                    000000018005905d     PhysXCooking_64.exp
 0002:00013081       $N00111                    0000000180059081     PhysXCooking_64.exp
 0002:000130b1       $N00112                    00000001800590b1     PhysXCooking_64.exp
 0002:000130e4       $N00113                    00000001800590e4     PhysXCooking_64.exp
 0002:00013109       $N00114                    0000000180059109     PhysXCooking_64.exp
 0002:00013137       $N00115                    0000000180059137     PhysXCooking_64.exp
 0002:0001315f       $N00116                    000000018005915f     PhysXCooking_64.exp
 0002:0001317f       $N00117                    000000018005917f     PhysXCooking_64.exp
 0002:000131c4       $N00118                    00000001800591c4     PhysXCooking_64.exp
 0002:00013201       $N00119                    0000000180059201     PhysXCooking_64.exp
 0002:0001323e       $N00120                    000000018005923e     PhysXCooking_64.exp
 0002:00013271       $N00121                    0000000180059271     PhysXCooking_64.exp
 0002:00013281       $N00122                    0000000180059281     PhysXCooking_64.exp
 0002:00013530       .idata$6                   0000000180059530     kernel32:KERNEL32.dll
 0003:00000000       ?MAXDOT_MINANG@local@@3MB  000000018005a000     ConvexHullUtils.obj
 0003:00000004       ?MAXDOT_MINANG@local@@3MB  000000018005a004     QuickHullConvexHullLib.obj
 0003:00000060       ?prefix@?1??getDimension@UnDecorator@@CA?AVDName@@_N@Z@4UStringLiteral@@A 000000018005a060     libvcruntime:undname.obj
 0003:00000070       ?__vcrt_flsindex@@3KA      000000018005a070     libvcruntime:per_thread_data.obj
 0003:00000090       ?dazSupported@?1??_ctrlfp@@9@9 000000018005a090     libucrt:fpctrl.obj
 0003:000000a0       ?__acrt_flsindex@@3KA      000000018005a0a0     libucrt:per_thread_data.obj
 0003:000000a4       ?errno_no_memory@@3HA      000000018005a0a4     libucrt:errno.obj
 0003:000000a8       ?doserrno_no_memory@@3KA   000000018005a0a8     libucrt:errno.obj
 0003:000002e0       _mbctypes                  000000018005a2e0     libucrt:mbctype.obj
 0003:000003f0       _mbcasemaps                000000018005a3f0     libucrt:mbctype.obj
 0003:000004f0       ?__rgctypeflag@@3PADA      000000018005a4f0     libucrt:mbctype.obj
 0003:00000500       ?__rgcode_page_info@@3PAUcode_page_info@@A 000000018005a500     libucrt:mbctype.obj
 0003:00000a20       ?__dcrt_lowio_console_output_handle@@3PEAXEA 000000018005aa20     libucrt:initcon.obj
 0003:00000a28       ?dazSupported@?1??common_control87@@9@9 000000018005aa28     libucrt:ieee.obj
 0003:00001290       ?maxV3Error@_VecMathTests@aos@shdfnd@physx@@3T__m128@@B 000000018005b290     Cooking.obj
 0003:000012a0       ?minFError@_VecMathTests@aos@shdfnd@physx@@3T__m128@@B 000000018005b2a0     Cooking.obj
 0003:000012b0       ?maxV4Error@_VecMathTests@aos@shdfnd@physx@@3T__m128@@B 000000018005b2b0     Cooking.obj
 0003:000012c0       ?minV4Error@_VecMathTests@aos@shdfnd@physx@@3T__m128@@B 000000018005b2c0     Cooking.obj
 0003:000012d0       ?minV3Error@_VecMathTests@aos@shdfnd@physx@@3T__m128@@B 000000018005b2d0     Cooking.obj
 0003:000012e0       ?maxFError@_VecMathTests@aos@shdfnd@physx@@3T__m128@@B 000000018005b2e0     Cooking.obj
 0003:000012f0       ?maxV3Error@_VecMathTests@aos@shdfnd@physx@@3T__m128@@B 000000018005b2f0     BVHStructureBuilder.obj
 0003:00001300       ?minFError@_VecMathTests@aos@shdfnd@physx@@3T__m128@@B 000000018005b300     BVHStructureBuilder.obj
 0003:00001310       ?maxV4Error@_VecMathTests@aos@shdfnd@physx@@3T__m128@@B 000000018005b310     BVHStructureBuilder.obj
 0003:00001320       ?minV4Error@_VecMathTests@aos@shdfnd@physx@@3T__m128@@B 000000018005b320     BVHStructureBuilder.obj
 0003:00001330       ?minV3Error@_VecMathTests@aos@shdfnd@physx@@3T__m128@@B 000000018005b330     BVHStructureBuilder.obj
 0003:00001340       ?maxFError@_VecMathTests@aos@shdfnd@physx@@3T__m128@@B 000000018005b340     BVHStructureBuilder.obj
 0003:00001350       ?maxV3Error@_VecMathTests@aos@shdfnd@physx@@3T__m128@@B 000000018005b350     RTreeCooking.obj
 0003:00001360       ?minFError@_VecMathTests@aos@shdfnd@physx@@3T__m128@@B 000000018005b360     RTreeCooking.obj
 0003:00001370       ?maxV4Error@_VecMathTests@aos@shdfnd@physx@@3T__m128@@B 000000018005b370     RTreeCooking.obj
 0003:00001380       ?minV4Error@_VecMathTests@aos@shdfnd@physx@@3T__m128@@B 000000018005b380     RTreeCooking.obj
 0003:00001390       ?minV3Error@_VecMathTests@aos@shdfnd@physx@@3T__m128@@B 000000018005b390     RTreeCooking.obj
 0003:000013a0       ?maxFError@_VecMathTests@aos@shdfnd@physx@@3T__m128@@B 000000018005b3a0     RTreeCooking.obj
 0003:000013b0       ?maxV3Error@_VecMathTests@aos@shdfnd@physx@@3T__m128@@B 000000018005b3b0     MeshBuilder.obj
 0003:000013c0       ?minFError@_VecMathTests@aos@shdfnd@physx@@3T__m128@@B 000000018005b3c0     MeshBuilder.obj
 0003:000013d0       ?maxV4Error@_VecMathTests@aos@shdfnd@physx@@3T__m128@@B 000000018005b3d0     MeshBuilder.obj
 0003:000013e0       ?minV4Error@_VecMathTests@aos@shdfnd@physx@@3T__m128@@B 000000018005b3e0     MeshBuilder.obj
 0003:000013f0       ?minV3Error@_VecMathTests@aos@shdfnd@physx@@3T__m128@@B 000000018005b3f0     MeshBuilder.obj
 0003:00001400       ?maxFError@_VecMathTests@aos@shdfnd@physx@@3T__m128@@B 000000018005b400     MeshBuilder.obj
 0003:00001410       ?maxV3Error@_VecMathTests@aos@shdfnd@physx@@3T__m128@@B 000000018005b410     TriangleMeshBuilder.obj
 0003:00001420       ?minFError@_VecMathTests@aos@shdfnd@physx@@3T__m128@@B 000000018005b420     TriangleMeshBuilder.obj
 0003:00001430       ?maxV4Error@_VecMathTests@aos@shdfnd@physx@@3T__m128@@B 000000018005b430     TriangleMeshBuilder.obj
 0003:00001440       ?minV4Error@_VecMathTests@aos@shdfnd@physx@@3T__m128@@B 000000018005b440     TriangleMeshBuilder.obj
 0003:00001450       ?minV3Error@_VecMathTests@aos@shdfnd@physx@@3T__m128@@B 000000018005b450     TriangleMeshBuilder.obj
 0003:00001460       ?maxFError@_VecMathTests@aos@shdfnd@physx@@3T__m128@@B 000000018005b460     TriangleMeshBuilder.obj
 0003:00001470       ?maxV3Error@_VecMathTests@aos@shdfnd@physx@@3T__m128@@B 000000018005b470     BigConvexDataBuilder.obj
 0003:00001480       ?minFError@_VecMathTests@aos@shdfnd@physx@@3T__m128@@B 000000018005b480     BigConvexDataBuilder.obj
 0003:00001490       ?maxV4Error@_VecMathTests@aos@shdfnd@physx@@3T__m128@@B 000000018005b490     BigConvexDataBuilder.obj
 0003:000014a0       ?minV4Error@_VecMathTests@aos@shdfnd@physx@@3T__m128@@B 000000018005b4a0     BigConvexDataBuilder.obj
 0003:000014b0       ?minV3Error@_VecMathTests@aos@shdfnd@physx@@3T__m128@@B 000000018005b4b0     BigConvexDataBuilder.obj
 0003:000014c0       ?maxFError@_VecMathTests@aos@shdfnd@physx@@3T__m128@@B 000000018005b4c0     BigConvexDataBuilder.obj
 0003:000014d0       ?maxV3Error@_VecMathTests@aos@shdfnd@physx@@3T__m128@@B 000000018005b4d0     ConvexHullBuilder.obj
 0003:000014e0       ?minFError@_VecMathTests@aos@shdfnd@physx@@3T__m128@@B 000000018005b4e0     ConvexHullBuilder.obj
 0003:000014f0       ?maxV4Error@_VecMathTests@aos@shdfnd@physx@@3T__m128@@B 000000018005b4f0     ConvexHullBuilder.obj
 0003:00001500       ?minV4Error@_VecMathTests@aos@shdfnd@physx@@3T__m128@@B 000000018005b500     ConvexHullBuilder.obj
 0003:00001510       ?minV3Error@_VecMathTests@aos@shdfnd@physx@@3T__m128@@B 000000018005b510     ConvexHullBuilder.obj
 0003:00001520       ?maxFError@_VecMathTests@aos@shdfnd@physx@@3T__m128@@B 000000018005b520     ConvexHullBuilder.obj
 0003:00001530       ?maxV3Error@_VecMathTests@aos@shdfnd@physx@@3T__m128@@B 000000018005b530     ConvexHullUtils.obj
 0003:00001540       ?minFError@_VecMathTests@aos@shdfnd@physx@@3T__m128@@B 000000018005b540     ConvexHullUtils.obj
 0003:00001550       ?maxV4Error@_VecMathTests@aos@shdfnd@physx@@3T__m128@@B 000000018005b550     ConvexHullUtils.obj
 0003:00001560       ?minV4Error@_VecMathTests@aos@shdfnd@physx@@3T__m128@@B 000000018005b560     ConvexHullUtils.obj
 0003:00001570       ?minV3Error@_VecMathTests@aos@shdfnd@physx@@3T__m128@@B 000000018005b570     ConvexHullUtils.obj
 0003:00001580       ?maxFError@_VecMathTests@aos@shdfnd@physx@@3T__m128@@B 000000018005b580     ConvexHullUtils.obj
 0003:00001590       ?maxV3Error@_VecMathTests@aos@shdfnd@physx@@3T__m128@@B 000000018005b590     ConvexMeshBuilder.obj
 0003:000015a0       ?minFError@_VecMathTests@aos@shdfnd@physx@@3T__m128@@B 000000018005b5a0     ConvexMeshBuilder.obj
 0003:000015b0       ?maxV4Error@_VecMathTests@aos@shdfnd@physx@@3T__m128@@B 000000018005b5b0     ConvexMeshBuilder.obj
 0003:000015c0       ?minV4Error@_VecMathTests@aos@shdfnd@physx@@3T__m128@@B 000000018005b5c0     ConvexMeshBuilder.obj
 0003:000015d0       ?minV3Error@_VecMathTests@aos@shdfnd@physx@@3T__m128@@B 000000018005b5d0     ConvexMeshBuilder.obj
 0003:000015e0       ?maxFError@_VecMathTests@aos@shdfnd@physx@@3T__m128@@B 000000018005b5e0     ConvexMeshBuilder.obj
 0003:000015f0       ?maxV3Error@_VecMathTests@aos@shdfnd@physx@@3T__m128@@B 000000018005b5f0     VolumeIntegration.obj
 0003:00001600       ?minFError@_VecMathTests@aos@shdfnd@physx@@3T__m128@@B 000000018005b600     VolumeIntegration.obj
 0003:00001610       ?maxV4Error@_VecMathTests@aos@shdfnd@physx@@3T__m128@@B 000000018005b610     VolumeIntegration.obj
 0003:00001620       ?minV4Error@_VecMathTests@aos@shdfnd@physx@@3T__m128@@B 000000018005b620     VolumeIntegration.obj
 0003:00001630       ?minV3Error@_VecMathTests@aos@shdfnd@physx@@3T__m128@@B 000000018005b630     VolumeIntegration.obj
 0003:00001640       ?maxFError@_VecMathTests@aos@shdfnd@physx@@3T__m128@@B 000000018005b640     VolumeIntegration.obj
 0003:00001650       ?gCookingDelayLoadHook@@3PEBVPxDelayLoadHook@physx@@EB 000000018005b650     WindowsCookingDelayLoadHook.obj
 0003:000016b0       ?__proc_attached@@3HA      000000018005b6b0     LIBCMT:dll_dllmain.obj
 0003:000016d8       ?is_initialized_as_dll@@3_NA 000000018005b6d8     LIBCMT:utility.obj
 0003:000016d9       ?module_local_atexit_table_initialized@@3_NA 000000018005b6d9     LIBCMT:utility.obj
 0003:000016e0       ?module_local_atexit_table@@3U_onexit_table_t@@A 000000018005b6e0     LIBCMT:utility.obj
 0003:000016f8       ?module_local_at_quick_exit_table@@3U_onexit_table_t@@A 000000018005b6f8     LIBCMT:utility.obj
 0003:00001768       ?heap@@3V_HeapManager@@A   000000018005b768     libvcruntime:undname.obj
 0003:00001790       ?__vcrt_startup_thread_ptd@@3U__vcrt_ptd@@A 000000018005b790     libvcruntime:per_thread_data.obj
 0003:00001810       __vcrt_lock_table          000000018005b810     libvcruntime:locks.obj
 0003:00001838       __vcrt_locks_initialized   000000018005b838     libvcruntime:locks.obj
 0003:00001840       ?module_handles@@3PAPEAUHINSTANCE__@@A 000000018005b840     libvcruntime:winapi_downlevel.obj
 0003:00001858       ?function_pointers@@3PAPEAXA 000000018005b858     libvcruntime:winapi_downlevel.obj
 0003:00001880       ?c_termination_complete@@3JA 000000018005b880     libucrt:exit.obj
 0003:00001888       ?thread_local_exit_callback_func@@3P6AXPEAXK0@ZEA 000000018005b888     libucrt:exit.obj
 0003:000018a0       ?program_name@?1???$common_configure_argv@D@@YAHW4_crt_argv_mode@@@Z@4PADA 000000018005b8a0     libucrt:argv_parsing.obj
 0003:00001a00       ?__acrt_lock_table@@3PAU_RTL_CRITICAL_SECTION@@A 000000018005ba00     libucrt:locks.obj
 0003:00001c30       ?__acrt_locks_initialized@@3IA 000000018005bc30     libucrt:locks.obj
 0003:00001c38       ?__acrt_invalid_parameter_handler@@3V?$dual_state_global@P6AXPEB_W00I_K@Z@__crt_state_management@@A 000000018005bc38     libucrt:invalid_parameter.obj
 0003:00001c58       ?fSystemSet@@3HA           000000018005bc58     libucrt:mbctype.obj
 0003:00001c5c       ?initialized@?1??__acrt_initialize_multibyte@@9@4_NA 000000018005bc5c     libucrt:mbctype.obj
 0003:00001c90       ?module_handles@@3PAPEAUHINSTANCE__@@A 000000018005bc90     libucrt:winapi_thunks.obj
 0003:00001d30       ?encoded_function_pointers@@3PAPEAXA 000000018005bd30     libucrt:winapi_thunks.obj
 0003:00002258       ?__acrt_new_handler@@3V?$dual_state_global@P6AH_K@Z@__crt_state_management@@A 000000018005c258     libucrt:new_handler.obj
 0003:00002260       ?ctrlc_action@@3V?$dual_state_global@P6AXH@Z@__crt_state_management@@A 000000018005c260     libucrt:signal.obj
 0003:00002268       ?ctrlbreak_action@@3V?$dual_state_global@P6AXH@Z@__crt_state_management@@A 000000018005c268     libucrt:signal.obj
 0003:00002270       ?abort_action@@3V?$dual_state_global@P6AXH@Z@__crt_state_management@@A 000000018005c270     libucrt:signal.obj
 0003:00002278       ?term_action@@3V?$dual_state_global@P6AXH@Z@__crt_state_management@@A 000000018005c278     libucrt:signal.obj
 0003:00002280       ?user_matherr@@3V?$dual_state_global@P6AHPEAU_exception@@@Z@__crt_state_management@@A 000000018005c280     libucrt:matherr.obj
 0003:000022b0       ?internal_state@?1??_mbtowc_l@@9@4U_Mbstatet@@A 000000018005c2b0     libucrt:mbtowc.obj
 0003:000022b8       ?enable_percent_n@@3_KA    000000018005c2b8     libucrt:printf_count_output.obj
 0003:000022c4       ?__acrt_global_new_mode@@3V?$dual_state_global@J@__crt_state_management@@A 000000018005c2c4     libucrt:new_mode.obj
 0003:000022d0       ?__acrt_app_type@@3W4_crt_app_type@@A 000000018005c2d0     libucrt:report_runtime_error.obj
 0003:000022d8       ?internal_pst@?1??__mbrtoc32_utf8@__crt_mbstring@@YA_KPEA_UPEBD_KPEAU_Mbstatet@@@Z@4U3@A 000000018005c2d8     libucrt:mbrtoc32.obj
 0003:000022e0       GS_ExceptionRecord         000000018005c2e0     LIBCMT:gs_report.obj
 0003:00002380       GS_ContextRecord           000000018005c380     LIBCMT:gs_report.obj
 0005:00000000       _2il0floatpacket$19        0000000180061000     LIBCMT:svml_ssinf4_sse2.obj
 0005:00002200       _vmlsSinHATab              0000000180063200     LIBCMT:svml_s_sin_cout.obj
 0005:00002210       SetSmall                   0000000180063210     libvcruntime:memset.obj
 0005:00002250       SetSmallYmm                0000000180063250     libvcruntime:memset.obj
 0005:00002274       SetSmallYmmNT              0000000180063274     libvcruntime:memset.obj
 0005:00002298       SetSmallXmm                0000000180063298     libvcruntime:memset.obj
 0005:000022c0       MoveSmall                  00000001800632c0     libvcruntime:memcpy.obj
 0005:00002300       MoveSmallYmm               0000000180063300     libvcruntime:memcpy.obj
 0005:00002324       MoveSmallYmmNT             0000000180063324     libvcruntime:memcpy.obj
 0005:00002348       MoveSmallXmm               0000000180063348     libvcruntime:memcpy.obj
 0006:000000a0       $R000000                   00000001800640a0     PhysXCooking.res
 0006:000003d0       $R000330                   00000001800643d0     PhysXCooking.res
